Component: ARM Compiler 5.05 (build 41) Tool: armlink [4d0eb9]

==============================================================================

Section Cross References

    startup_VE_A9_MP.o(RESET) refers to startup_VE_A9_MP.o(.text) for Reset_Handler
    startup_VE_A9_MP.o(RESET) refers to HAL_CA9.o(.emb_text) for SVC_Handler
    startup_VE_A9_MP.o(.text) refers to mmu_VE_A9_MP.o(.text) for create_translation_table
    startup_VE_A9_MP.o(.text) refers to system_VE_A9_MP.o(.text) for CUndefHandler
    startup_VE_A9_MP.o(.text) refers to startup_VE_A9_MP.o(RESET) for __Vectors
    startup_VE_A9_MP.o(.text) refers to startup_VE_A9_MP.o(STACK) for Stack_Top
    startup_VE_A9_MP.o(.text) refers to entry.o(.ARM.Collect$$$$00000000) for __main
    startup_VE_A9_MP.o(.text) refers to HAL_CA.o(.data) for IRQNestLevel
    startup_VE_A9_MP.o(.text) refers to system_VE_A9_MP.o(.data) for IRQCount
    startup_VE_A9_MP.o(.text) refers to system_VE_A9_MP.o(.bss) for IRQTable
    DOP.o(.text) refers to sin.o(i.__hardfp_sin) for __hardfp_sin
    DOP.o(.text) refers to sqrt.o(i.__hardfp_sqrt) for __hardfp_sqrt
    DOP.o(.text) refers to cos.o(i.__hardfp_cos) for __hardfp_cos
    DOP.o(.text) refers to malloc.o(i.malloc) for malloc
    DOP.o(.text) refers to memseta.o(.text) for __aeabi_memclr4
    DOP.o(.text) refers to position.o(.bss) for receiver_llh
    DOP.o(.text) refers to pow.o(i.__hardfp_pow) for __hardfp_pow
    DOP.o(.text) refers to memcpya.o(.text) for __aeabi_memcpy4
    DOP.o(.text) refers to malloc.o(i.free) for free
    RTX_Conf_CM.o(.ARM.Collect$$$$000000FF) refers to rt_CMSIS.o(i.osKernelInitialize) for osKernelInitialize
    RTX_Conf_CM.o(.ARM.Collect$$$$000000FF) refers to rt_CMSIS.o(i.osThreadCreate) for osThreadCreate
    RTX_Conf_CM.o(.ARM.Collect$$$$000000FF) refers to rt_CMSIS.o(i.osKernelStart) for osKernelStart
    RTX_Conf_CM.o(.ARM.Collect$$$$000000FF) refers to RTX_Conf_CM.o(.data) for .data
    RTX_Conf_CM.o(.constdata) refers to RTX_Conf_CM.o(.bss) for os_messageQ_q_osTimerMessageQ
    RTX_Conf_CM.o(.data) refers to system_VE_A9_MP.o(.text) for main
    RTX_ex2.o(.text) refers to rt_CMSIS.o(i.osThreadCreate) for osThreadCreate
    RTX_ex2.o(.text) refers to allocate.o(.text) for initialize_allocation
    RTX_ex2.o(.text) refers to gic.o(.text) for GIC_EnableIRQ
    RTX_ex2.o(.text) refers to RTX_ex2.o(.constdata) for os_thread_def_allocate_thread
    RTX_ex2.o(.text) refers to RTX_ex2.o(.data) for allocate_thread_id
    RTX_ex2.o(.constdata) refers to allocate.o(.text) for allocate_thread
    RTX_ex2.o(.constdata) refers to display.o(.text) for display_thread
    RTX_ex2.o(.constdata) refers to message.o(.text) for message_thread
    RTX_ex2.o(.constdata) refers to measure.o(.text) for measure_thread
    RTX_ex2.o(.constdata) refers to ekf_position.o(.text) for ekf_position_thread
    RTX_ex2.o(.constdata) refers to uart_ARRC.o(.text) for uart_thread
    allocate.o(.text) refers to time.o(.text) for get_clock_state
    allocate.o(.text) refers to message.o(.text) for clear_messages
    allocate.o(.text) refers to ephemeris.o(.text) for clear_ephemeris
    allocate.o(.text) refers to rt_CMSIS.o(i.osSignalWait) for osSignalWait
    allocate.o(.text) refers to allocate.o(.bss) for last_lock
    allocate.o(.text) refers to tracking.o(.bss) for CH
    allocate.o(.text) refers to allocate.o(.data) for PrnCode
    alt_16550_uart.o(.text) refers to uidiv.o(.text) for __aeabi_uidivmod
    alt_16550_uart.o(.text) refers to alt_clock_manager.o(.text) for alt_clk_is_enabled
    alt_clock_manager.o(.text) refers to alt_clock_manager.o(.data) for alt_ext_clk_paramblok
    alt_clock_manager.o(.text) refers to uidiv.o(.text) for __aeabi_uidivmod
    alt_clock_manager.o(.text) refers to uldiv.o(.text) for __aeabi_uldivmod
    alt_clock_manager.o(.text) refers to printfa.o(i.__0snprintf) for __2snprintf
    display.o(.text) refers to serial.o(.text) for SER_PutString
    display.o(.text) refers to memcpya.o(.text) for __aeabi_memcpy4
    display.o(.text) refers to time.o(.text) for get_time
    display.o(.text) refers to printfa.o(i.__0sprintf) for __2sprintf
    display.o(.text) refers to position.o(.bss) for receiver_llh
    display.o(.text) refers to position.o(.data) for positioning
    display.o(.text) refers to measure.o(.bss) for receiver_DOP
    display.o(.text) refers to ekf_position.o(.bss) for ekf_pos
    display.o(.text) refers to display.o(.data) for was_positioning
    display.o(.text) refers to tracking.o(.bss) for CH
    display.o(.text) refers to pseudorange.o(.bss) for pr
    display.o(.text) refers to ephemeris.o(.bss) for ephemeris
    display.o(.text) refers to display.o(.conststring) for .conststring
    display.o(.text) refers to message.o(.bss) for messages
    display.o(.text) refers to rt_CMSIS.o(i.osSignalWait) for osSignalWait
    ekf_position.o(.text) refers to memcpya.o(.text) for __aeabi_memcpy4
    ekf_position.o(.text) refers to memseta.o(.text) for __aeabi_memclr4
[...]
    .text                                    0x0000cb5c   Section        0  iusefp.o(.text)
    .text                                    0x0000cb5c   Section        0  dadd.o(.text)
    .text                                    0x0000ccaa   Section        0  dmul.o(.text)
    .text                                    0x0000cd8e   Section        0  ddiv.o(.text)
    .text                                    0x0000ce6c   Section        0  dscalb.o(.text)
    .text                                    0x0000ce9a   Section        0  dfixul.o(.text)
    .text                                    0x0000cecc   Section       48  cdrcmple.o(.text)
    .text                                    0x0000cefc   Section       36  init.o(.text)
    .text                                    0x0000cf20   Section        0  llsshr.o(.text)
    .text                                    0x0000cf44   Section        0  depilogue.o(.text)
    .text                                    0x0000cffe   Section        0  __dczerorl.o(.text)
    SVC_TABLE                                0x0000d038   Section        8  SVC_Table.o(SVC_TABLE)
    i.__0sprintf                             0x0000d040   Section        0  printfa.o(i.__0sprintf)
    i.__0vsnprintf                           0x0000d068   Section        0  printfa.o(i.__0vsnprintf)
    i.__ARM_fpclassify                       0x0000d08c   Section        0  fpclassify.o(i.__ARM_fpclassify)
    i.__exceptional_mode                     0x0000d0bc   Section        0  rt_CMSIS.o(i.__exceptional_mode)
    __exceptional_mode                       0x0000d0bd   Thumb Code    44  rt_CMSIS.o(i.__exceptional_mode)
    i.__get_mode                             0x0000d0ec   Section        0  rt_CMSIS.o(i.__get_mode)
    __get_mode                               0x0000d0ed   Thumb Code    12  rt_CMSIS.o(i.__get_mode)
    i.__hardfp_asin                          0x0000d0f8   Section        0  asin.o(i.__hardfp_asin)
    i.__hardfp_atan                          0x0000d300   Section        0  atan.o(i.__hardfp_atan)
    i.__hardfp_atan2                         0x0000d4f8   Section        0  atan2.o(i.__hardfp_atan2)
    i.__hardfp_cos                           0x0000d6c0   Section        0  cos.o(i.__hardfp_cos)
    i.__hardfp_pow                           0x0000d778   Section        0  pow.o(i.__hardfp_pow)
    i.__hardfp_sin                           0x0000e040   Section        0  sin.o(i.__hardfp_sin)
    i.__hardfp_sqrt                          0x0000e0f4   Section        0  sqrt.o(i.__hardfp_sqrt)
    i.__ieee754_rem_pio2                     0x0000e158   Section        0  rred.o(i.__ieee754_rem_pio2)
    i.__kernel_cos                           0x0000e468   Section        0  cos_i.o(i.__kernel_cos)
    i.__kernel_poly                          0x0000e540   Section        0  poly.o(i.__kernel_poly)
    i.__kernel_sin                           0x0000e5c0   Section        0  sin_i.o(i.__kernel_sin)
    i.__mathlib_dbl_divzero                  0x0000e668   Section        0  dunder.o(i.__mathlib_dbl_divzero)
    i.__mathlib_dbl_infnan                   0x0000e688   Section        0  dunder.o(i.__mathlib_dbl_infnan)
    i.__mathlib_dbl_infnan2                  0x0000e68e   Section        0  dunder.o(i.__mathlib_dbl_infnan2)
    i.__mathlib_dbl_invalid                  0x0000e698   Section        0  dunder.o(i.__mathlib_dbl_invalid)
    i.__mathlib_dbl_overflow                 0x0000e6b0   Section        0  dunder.o(i.__mathlib_dbl_overflow)
    i.__mathlib_dbl_underflow                0x0000e6c8   Section        0  dunder.o(i.__mathlib_dbl_underflow)
    i.__scatterload_copy                     0x0000e6e0   Section       14  handlers.o(i.__scatterload_copy)
    i.__scatterload_null                     0x0000e6ee   Section        2  handlers.o(i.__scatterload_null)
    i.__scatterload_zeroinit                 0x0000e6f0   Section       14  handlers.o(i.__scatterload_zeroinit)
    i.__set_errno                            0x0000e700   Section        0  errno.o(i.__set_errno)
    i._fp_digits                             0x0000e70c   Section        0  printfa.o(i._fp_digits)
    _fp_digits                               0x0000e70d   Thumb Code   336  printfa.o(i._fp_digits)
    i._init_box                              0x0000e870   Section        0  rt_MemBox.o(i._init_box)
    i._printf_core                           0x0000e8c8   Section        0  printfa.o(i._printf_core)
    _printf_core                             0x0000e8c9   Thumb Code  1734  printfa.o(i._printf_core)
    i._printf_post_padding                   0x0000ef9c   Section        0  printfa.o(i._printf_post_padding)
    _printf_post_padding                     0x0000ef9d   Thumb Code    36  printfa.o(i._printf_post_padding)
    i._printf_pre_padding                    0x0000efc0   Section        0  printfa.o(i._printf_pre_padding)
    _printf_pre_padding                      0x0000efc1   Thumb Code    46  printfa.o(i._printf_pre_padding)
    i._snputc                                0x0000efee   Section        0  printfa.o(i._snputc)
    _snputc                                  0x0000efef   Thumb Code    22  printfa.o(i._snputc)
    i._sputc                                 0x0000f004   Section        0  printfa.o(i._sputc)
    _sputc                                   0x0000f005   Thumb Code    10  printfa.o(i._sputc)
    i.atan                                   0x0000f00e   Section        0  atan.o(i.atan)
    i.fabs                                   0x0000f01e   Section        0  fabs.o(i.fabs)
    i.free                                   0x0000f038   Section        0  malloc.o(i.free)
    i.isrMessagePut                          0x0000f088   Section        0  rt_CMSIS.o(i.isrMessagePut)
    isrMessagePut                            0x0000f089   Thumb Code    50  rt_CMSIS.o(i.isrMessagePut)
    i.isr_evt_set                            0x0000f0bc   Section        0  rt_Event.o(i.isr_evt_set)
    i.isr_mbx_send                           0x0000f0e4   Section        0  rt_Mailbox.o(i.isr_mbx_send)
    i.malloc                                 0x0000f0fc   Section        0  malloc.o(i.malloc)
    i.osKernelInitialize                     0x0000f168   Section        0  rt_CMSIS.o(i.osKernelInitialize)
    i.osKernelStart                          0x0000f194   Section        0  rt_CMSIS.o(i.osKernelStart)
    i.osSignalSet                            0x0000f1e0   Section        0  rt_CMSIS.o(i.osSignalSet)
    i.osSignalWait                           0x0000f234   Section        0  rt_CMSIS.o(i.osSignalWait)
    i.osThreadCreate                         0x0000f268   Section        0  rt_CMSIS.o(i.osThreadCreate)
    i.osThreadExit                           0x0000f2a8   Section        0  rt_CMSIS.o(i.osThreadExit)
    i.rt_alloc_box                           0x0000f2c8   Section        0  rt_MemBox.o(i.rt_alloc_box)
    i.rt_alloc_mem                           0x0000f2e6   Section        0  rt_Memory.o(i.rt_alloc_mem)
    i.rt_block                               0x0000f33c   Section        0  rt_Task.o(i.rt_block)
    i.rt_chk_robin                           0x0000f374   Section        0  rt_Robin.o(i.rt_chk_robin)
    i.rt_dec_dly                             0x0000f3cc   Section        0  rt_List.o(i.rt_dec_dly)
    i.rt_dispatch                            0x0000f45c   Section        0  rt_Task.o(i.rt_dispatch)
    i.rt_evt_psh                             0x0000f4ac   Section        0  rt_Event.o(i.rt_evt_psh)
    i.rt_evt_set                             0x0000f508   Section        0  rt_Event.o(i.rt_evt_set)
    i.rt_evt_wait                            0x0000f570   Section        0  rt_Event.o(i.rt_evt_wait)
    i.rt_free_box                            0x0000f5e4   Section        0  rt_MemBox.o(i.rt_free_box)
    i.rt_free_mem                            0x0000f608   Section        0  rt_Memory.o(i.rt_free_mem)
    i.rt_get_TID                             0x0000f640   Section        0  rt_Task.o(i.rt_get_TID)
    rt_get_TID                               0x0000f641   Thumb Code    32  rt_Task.o(i.rt_get_TID)
    i.rt_get_first                           0x0000f668   Section        0  rt_List.o(i.rt_get_first)
    i.rt_init_context                        0x0000f69c   Section        0  rt_Task.o(i.rt_init_context)
    rt_init_context                          0x0000f69d   Thumb Code    68  rt_Task.o(i.rt_init_context)
    i.rt_init_mem                            0x0000f6e4   Section        0  rt_Memory.o(i.rt_init_mem)
    i.rt_init_robin                          0x0000f708   Section        0  rt_Robin.o(i.rt_init_robin)
    i.rt_init_stack                          0x0000f720   Section        0  HAL_CA.o(i.rt_init_stack)
    i.rt_mbx_check                           0x0000f7a8   Section        0  rt_Mailbox.o(i.rt_mbx_check)
    i.rt_mbx_init                            0x0000f7b4   Section        0  rt_Mailbox.o(i.rt_mbx_init)
    i.rt_mbx_psh                             0x0000f7d8   Section        0  rt_Mailbox.o(i.rt_mbx_psh)
    i.rt_ms2tick                             0x0000f8f8   Section        0  rt_CMSIS.o(i.rt_ms2tick)
    rt_ms2tick                               0x0000f8f9   Thumb Code    64  rt_CMSIS.o(i.rt_ms2tick)
    i.rt_pop_req                             0x0000f940   Section        0  rt_System.o(i.rt_pop_req)
    i.rt_psh_req                             0x0000f9e8   Section        0  rt_System.o(i.rt_psh_req)
    i.rt_psq_enq                             0x0000fa10   Section        0  rt_List.o(i.rt_psq_enq)
    i.rt_put_dly                             0x0000fa8c   Section        0  rt_List.o(i.rt_put_dly)
    i.rt_put_prio                            0x0000fae8   Section        0  rt_List.o(i.rt_put_prio)
    i.rt_put_rdy_first                       0x0000fb28   Section        0  rt_List.o(i.rt_put_rdy_first)
    i.rt_resort_prio                         0x0000fb3c   Section        0  rt_List.o(i.rt_resort_prio)
    i.rt_ret_regs                            0x0000fb70   Section        0  HAL_CA.o(i.rt_ret_regs)
    rt_ret_regs                              0x0000fb71   Thumb Code    24  HAL_CA.o(i.rt_ret_regs)
    i.rt_ret_val                             0x0000fb88   Section        0  HAL_CA.o(i.rt_ret_val)
    i.rt_ret_val2                            0x0000fb9a   Section        0  HAL_CA.o(i.rt_ret_val2)
    i.rt_rmv_dly                             0x0000fbb4   Section        0  rt_List.o(i.rt_rmv_dly)
    i.rt_rmv_list                            0x0000fbdc   Section        0  rt_List.o(i.rt_rmv_list)
    i.rt_sem_psh                             0x0000fc10   Section        0  rt_Semaphore.o(i.rt_sem_psh)
    i.rt_stk_check                           0x0000fc4c   Section        0  rt_System.o(i.rt_stk_check)
    i.rt_switch_req                          0x0000fc7c   Section        0  rt_Task.o(i.rt_switch_req)
    i.rt_sys_init                            0x0000fc8c   Section        0  rt_Task.o(i.rt_sys_init)
    i.rt_sys_start                           0x0000fd84   Section        0  rt_Task.o(i.rt_sys_start)
    i.rt_systick                             0x0000fe04   Section        0  rt_System.o(i.rt_systick)
    i.rt_tid2ptcb                            0x0000fe48   Section        0  rt_CMSIS.o(i.rt_tid2ptcb)
    rt_tid2ptcb                              0x0000fe49   Thumb Code    32  rt_CMSIS.o(i.rt_tid2ptcb)
    i.rt_timer_insert                        0x0000fe68   Section        0  rt_CMSIS.o(i.rt_timer_insert)
    rt_timer_insert                          0x0000fe69   Thumb Code    60  rt_CMSIS.o(i.rt_timer_insert)
    i.rt_tsk_create                          0x0000fea8   Section        0  rt_Task.o(i.rt_tsk_create)
    i.rt_tsk_delete                          0x0000ff04   Section        0  rt_Task.o(i.rt_tsk_delete)
    i.rt_tsk_lock                            0x00010088   Section        0  rt_System.o(i.rt_tsk_lock)
    i.rt_tsk_prio                            0x0001011c   Section        0  rt_Task.o(i.rt_tsk_prio)
    i.rt_tsk_self                            0x000101b8   Section        0  rt_Task.o(i.rt_tsk_self)
    i.rt_tsk_unlock                          0x000101d0   Section        0  rt_System.o(i.rt_tsk_unlock)
    i.sqrt                                   0x0001024c   Section        0  sqrt.o(i.sqrt)
    i.svcKernelInitialize                    0x000102b4   Section        0  rt_CMSIS.o(i.svcKernelInitialize)
    i.svcKernelStart                         0x00010340   Section        0  rt_CMSIS.o(i.svcKernelStart)
    i.svcMessageCreate                       0x00010390   Section        0  rt_CMSIS.o(i.svcMessageCreate)
    i.svcSignalSet                           0x000103cc   Section        0  rt_CMSIS.o(i.svcSignalSet)
    i.svcSignalWait                          0x00010400   Section        0  rt_CMSIS.o(i.svcSignalWait)
    i.svcThreadCreate                        0x00010478   Section        0  rt_CMSIS.o(i.svcThreadCreate)
    i.svcThreadGetId                         0x0001050c   Section        0  rt_CMSIS.o(i.svcThreadGetId)
    i.svcThreadTerminate                     0x00010528   Section        0  rt_CMSIS.o(i.svcThreadTerminate)
    i.sysThreadError                         0x0001056c   Section        0  rt_CMSIS.o(i.sysThreadError)
    sysThreadError                           0x0001056d   Thumb Code     2  rt_CMSIS.o(i.sysThreadError)
    i.sysTimerTick                           0x00010570   Section        0  rt_CMSIS.o(i.sysTimerTick)
    .constdata                               0x000105c0   Section       70  RTX_Conf_CM.o(.constdata)
    __tagsym$$used                           0x000105dc   Number         0  RTX_Conf_CM.o(.constdata)
    __tagsym$$used                           0x000105e0   Number         0  RTX_Conf_CM.o(.constdata)
    __tagsym$$used                           0x000105e4   Number         0  RTX_Conf_CM.o(.constdata)
    __tagsym$$used                           0x000105e8   Number         0  RTX_Conf_CM.o(.constdata)
    .constdata                               0x00010608   Section       96  RTX_ex2.o(.constdata)
    .constdata                               0x00010668   Section       72  ekf_position.o(.constdata)
    .constdata                               0x000106b0   Section        8  gic.o(.constdata)
    .constdata                               0x000106b8   Section       80  asin.o(.constdata)
    pS                                       0x000106b8   Data          48  asin.o(.constdata)
    qS                                       0x000106e8   Data          32  asin.o(.constdata)
    .constdata                               0x00010708   Section      152  atan.o(.constdata)
    atanhi                                   0x00010708   Data          32  atan.o(.constdata)
    atanlo                                   0x00010728   Data          32  atan.o(.constdata)
    aTodd                                    0x00010748   Data          40  atan.o(.constdata)
    aTeven                                   0x00010770   Data          48  atan.o(.constdata)
    .constdata                               0x000107a0   Section      136  pow.o(.constdata)
    bp                                       0x000107a0   Data          16  pow.o(.constdata)
    dp_h                                     0x000107b0   Data          16  pow.o(.constdata)
    dp_l                                     0x000107c0   Data          16  pow.o(.constdata)
    L                                        0x000107d0   Data          48  pow.o(.constdata)
    P                                        0x00010800   Data          40  pow.o(.constdata)
    .constdata                               0x00010828   Section       48  cos_i.o(.constdata)
    C                                        0x00010828   Data          48  cos_i.o(.constdata)
    .constdata                               0x00010858   Section        8  qnan.o(.constdata)
    .constdata                               0x00010860   Section      200  rred.o(.constdata)
    pio2s                                    0x00010860   Data          48  rred.o(.constdata)
    twooverpi                                0x00010890   Data         152  rred.o(.constdata)
    .constdata                               0x00010928   Section       40  sin_i.o(.constdata)
    S                                        0x00010928   Data          40  sin_i.o(.constdata)
    .conststring                             0x00010950   Section     1001  display.o(.conststring)
    .conststring                             0x00010d3c   Section      118  uart_ARRC.o(.conststring)
    .data                                    0x00200000   Section       32  RTX_Conf_CM.o(.data)
    .data                                    0x00200020   Section       24  RTX_ex2.o(.data)
    .data                                    0x00200038   Section       76  allocate.o(.data)
    PrnCode                                  0x00200038   Data          74  allocate.o(.data)
    next_satellite                           0x00200082   Data           2  allocate.o(.data)
    .data                                    0x00200084   Section       17  display.o(.data)
    ephemeris_mode                           0x00200086   Data           2  display.o(.data)
    was_positioning                          0x00200088   Data           2  display.o(.data)
    count                                    0x0020008c   Data           4  display.o(.data)
    count                                    0x00200090   Data           4  display.o(.data)
    c                                        0x00200094   Data           1  display.o(.data)
    .data                                    0x00200098   Section        4  ekf_position.o(.data)
    ekf_position_init                        0x00200098   Data           4  ekf_position.o(.data)
    .data                                    0x0020009c   Section        6  measure.o(.data)
    prev_channels                            0x002000a0   Data           2  measure.o(.data)
    .data                                    0x002000a4   Section       40  mmu_VE_A9_MP.o(.data)
    Sect_Normal                              0x002000a4   Data           4  mmu_VE_A9_MP.o(.data)
    Sect_Normal_Cod                          0x002000a8   Data           4  mmu_VE_A9_MP.o(.data)
    Sect_Normal_RO                           0x002000ac   Data           4  mmu_VE_A9_MP.o(.data)
    Sect_Normal_RW                           0x002000b0   Data           4  mmu_VE_A9_MP.o(.data)
    Sect_Device_RO                           0x002000b4   Data           4  mmu_VE_A9_MP.o(.data)
    Sect_Device_RW                           0x002000b8   Data           4  mmu_VE_A9_MP.o(.data)
    Page_L1_4k                               0x002000bc   Data           4  mmu_VE_A9_MP.o(.data)
    Page_L1_64k                              0x002000c0   Data           4  mmu_VE_A9_MP.o(.data)
    Page_4k_Device_RW                        0x002000c4   Data           4  mmu_VE_A9_MP.o(.data)
    Page_64k_Device_RW                       0x002000c8   Data           4  mmu_VE_A9_MP.o(.data)
    .data                                    0x002000cc   Section        8  position.o(.data)
    index                                    0x002000d0   Data           4  position.o(.data)
    .data                                    0x002000d4   Section        4  system_VE_A9_MP.o(.data)
    .data                                    0x002000d8   Section        1  time.o(.data)
    clock_state                              0x002000d8   Data           1  time.o(.data)
    .data                                    0x002000dc   Section        8  tracking.o(.data)
    .data                                    0x002000e4   Section        4  uart_putstring.o(.data)
    .data                                    0x002000e8   Section        8  rt_CMSIS.o(.data)
    .data                                    0x002000f0   Section        8  HAL_CA.o(.data)
    priority                                 0x002000f0   Data           1  HAL_CA.o(.data)
    .data                                    0x002000f8   Section       10  rt_System.o(.data)
    priority                                 0x002000f8   Data           1  rt_System.o(.data)
    os_lock                                  0x00200100   Data           1  rt_System.o(.data)
    os_psh_flag                              0x00200101   Data           1  rt_System.o(.data)
    .data                                    0x00200104   Section        4  rt_Time.o(.data)
    .data                                    0x00200108   Section       12  rt_Task.o(.data)
    priority                                 0x00200108   Data           1  rt_Task.o(.data)
    .data                                    0x00200114   Section       12  rt_Robin.o(.data)
    priority                                 0x00200114   Data           1  rt_Robin.o(.data)
    .data                                    0x00200120   Section        4  mvars.o(.data)
    .data                                    0x00200124   Section        4  mvars.o(.data)
    .data                                    0x00200128   Section        4  errno.o(.data)
    _errno                                   0x00200128   Data           4  errno.o(.data)
    .bss                                     0x00300000   Section    67004  RTX_Conf_CM.o(.bss)
    .bss                                     0x003105c0   Section      112  allocate.o(.bss)
    last_lock                                0x003105c0   Data         112  allocate.o(.bss)
    .bss                                     0x00310630   Section     7488  ekf_position.o(.bss)
    .bss                                     0x00312370   Section     2590  ephemeris.o(.bss)
    .bss                                     0x00312d90   Section      448  measure.o(.bss)
    .bss                                     0x00312f50   Section     3752  message.o(.bss)
    .bss                                     0x00313df8   Section     5912  position.o(.bss)
    .bss                                     0x00315510   Section     1824  pseudorange.o(.bss)
    .bss                                     0x00315c30   Section      324  system_VE_A9_MP.o(.bss)
    .bss                                     0x00315d78   Section       16  time.o(.bss)
    time                                     0x00315d78   Data          16  time.o(.bss)
    .bss                                     0x00315d88   Section    8003600  tracking.o(.bss)
    .bss                                     0x00ab7d98   Section     1008  uart_ARRC.o(.bss)
    .bss                                     0x00ab8188   Section       48  rt_List.o(.bss)
    .bss                                     0x00ab81b8   Section       52  rt_Task.o(.bss)
    HEAP                                     0x00ab81f0   Section        0  startup_VE_A9_MP.o(HEAP)
    STACK                                    0x00ab81f0   Section     1280  startup_VE_A9_MP.o(STACK)
    Stack_Top                                0x00ab86f0   Data           0  startup_VE_A9_MP.o(STACK)

    Global Symbols

    Symbol Name                              Value     Ov Type        Size  Object(Section)

    BuildAttributes$$THM_ISAv4$ARM_ISAv7$X$E$P$J$Z$N$K$B$S$VFPv3$PE$PLD4$MPE$A:L22UL41UL21$X:L11$S22US41US21$IEEE1$IW$USESV6$~STKCKD$USESV7$~SHL$OTIME$ROPI$IEEEX$EBA8$MICROLIB$THUMB2LIB$REQ8$PRES8$EABIv2 0x00000000   Number         0  anon$$obj.o ABSOLUTE
    Image$$VECTORS$$Base                     0x00000000   Number         0  anon$$obj.o ABSOLUTE
    __ARM_use_no_argv                        0x00000000   Number         0  RTX_ex2.o ABSOLUTE
    __Vectors                                0x00000000   ARM Code       4  startup_VE_A9_MP.o(RESET)
    _printf_a                                0x00000000   Number         0  stubs.o ABSOLUTE
    _printf_c                                0x00000000   Number         0  stubs.o ABSOLUTE
    _printf_charcount                        0x00000000   Number         0  stubs.o ABSOLUTE
    _printf_d                                0x00000000   Number         0  stubs.o ABSOLUTE
    _printf_e                                0x00000000   Number         0  stubs.o ABSOLUTE
    _printf_f                                0x00000000   Number         0  stubs.o ABSOLUTE
    _printf_flags                            0x00000000   Number         0  stubs.o ABSOLUTE
    _printf_fp_dec                           0x00000000   Number         0  stubs.o ABSOLUTE
    _printf_fp_hex                           0x00000000   Number         0  stubs.o ABSOLUTE
    _printf_g                                0x00000000   Number         0  stubs.o ABSOLUTE
    _printf_i                                0x00000000   Number         0  stubs.o ABSOLUTE
    _printf_int_dec                          0x00000000   Number         0  stubs.o ABSOLUTE
    _printf_l                                0x00000000   Number         0  stubs.o ABSOLUTE
    _printf_lc                               0x00000000   Number         0  stubs.o ABSOLUTE
    _printf_ll                               0x00000000   Number         0  stubs.o ABSOLUTE
    _printf_lld                              0x00000000   Number         0  stubs.o ABSOLUTE
    _printf_lli                              0x00000000   Number         0  stubs.o ABSOLUTE
    _printf_llo                              0x00000000   Number         0  stubs.o ABSOLUTE
    _printf_llu                              0x00000000   Number         0  stubs.o ABSOLUTE
    _printf_llx                              0x00000000   Number         0  stubs.o ABSOLUTE
    _printf_longlong_dec                     0x00000000   Number         0  stubs.o ABSOLUTE
    _printf_longlong_hex                     0x00000000   Number         0  stubs.o ABSOLUTE
    _printf_longlong_oct                     0x00000000   Number         0  stubs.o ABSOLUTE
    _printf_ls                               0x00000000   Number         0  stubs.o ABSOLUTE
    _printf_mbtowc                           0x00000000   Number         0  stubs.o ABSOLUTE
    _printf_n                                0x00000000   Number         0  stubs.o ABSOLUTE
    _printf_o                                0x00000000   Number         0  stubs.o ABSOLUTE
    _printf_p                                0x00000000   Number         0  stubs.o ABSOLUTE
    _printf_percent                          0x00000000   Number         0  stubs.o ABSOLUTE
    _printf_pre_padding                      0x00000000   Number         0  stubs.o ABSOLUTE
    _printf_return_value                     0x00000000   Number         0  stubs.o ABSOLUTE
    _printf_s                                0x00000000   Number         0  stubs.o ABSOLUTE
    _printf_sizespec                         0x00000000   Number         0  stubs.o ABSOLUTE
    _printf_str                              0x00000000   Number         0  stubs.o ABSOLUTE
    _printf_truncate_signed                  0x00000000   Number         0  stubs.o ABSOLUTE
    _printf_truncate_unsigned                0x00000000   Number         0  stubs.o ABSOLUTE
    _printf_u                                0x00000000   Number         0  stubs.o ABSOLUTE
    _printf_wc                               0x00000000   Number         0  stubs.o ABSOLUTE
    _printf_wctomb                           0x00000000   Number         0  stubs.o ABSOLUTE
    _printf_widthprec                        0x00000000   Number         0  stubs.o ABSOLUTE
    _printf_x                                0x00000000   Number         0  stubs.o ABSOLUTE
    __cpp_initialize__aeabi_                  - Undefined Weak Reference
    __cxa_finalize                            - Undefined Weak Reference
    _clock_init                               - Undefined Weak Reference
    _microlib_exit                            - Undefined Weak Reference
    __Vectors_End                            0x00000020   Data           0  startup_VE_A9_MP.o(RESET)
    __Vectors_Size                           0x00000020   Number         0  startup_VE_A9_MP.o ABSOLUTE
    __main                                   0x0000003c   ARM Code       0  entry.o(.ARM.Collect$$$$00000000)
    _main_stk                                0x0000003c   ARM Code       0  entry2.o(.ARM.Collect$$$$00000001)
    _main_scatterload                        0x00000040   ARM Code       0  entry5.o(.ARM.Collect$$$$00000004)
    __main_after_scatterload                 0x00000044   ARM Code       0  entry5.o(.ARM.Collect$$$$00000004)
    __rt_final_cpp                           0x00000044   ARM Code       0  entry10a.o(.ARM.Collect$$$$0000000D)
    __rt_final_exit                          0x00000044   ARM Code       0  entry11a.o(.ARM.Collect$$$$0000000F)
    _main_clock                              0x00000044   ARM Code       0  entry7b.o(.ARM.Collect$$$$00000008)
    _main_cpp_init                           0x00000044   ARM Code       0  entry8b.o(.ARM.Collect$$$$0000000A)
    _main_init                               0x00000044   ARM Code      24  RTX_Conf_CM.o(.ARM.Collect$$$$000000FF)
    __asm___17_system_VE_A9_MP_c___SVC_1____set_PSP 0x00000064   ARM Code      28  system_VE_A9_MP.o(.emb_text)
    __asm___17_system_VE_A9_MP_c___SVC_1____set_CPS_USR 0x00000080   ARM Code       8  system_VE_A9_MP.o(.emb_text)
    __asm___17_system_VE_A9_MP_c___SVC_1____v7_all_cache 0x00000088   ARM Code     172  system_VE_A9_MP.o(.emb_text)
    FPUEnable                                0x00000134   ARM Code     116  system_VE_A9_MP.o(.emb_text)
    __asm___10_rt_CMSIS_c_8216d75d____set_PSP 0x000001ac   ARM Code      28  rt_CMSIS.o(.emb_text)
    __asm___10_rt_CMSIS_c_8216d75d____set_CPS_USR 0x000001c8   ARM Code       8  rt_CMSIS.o(.emb_text)
    __asm___10_rt_CMSIS_c_8216d75d____v7_all_cache 0x000001d0   ARM Code     172  rt_CMSIS.o(.emb_text)
    __asm___9_HAL_CA9_c_bcbb3217____set_PSP  0x0000027c   ARM Code      28  HAL_CA9.o(.emb_text)
    __asm___9_HAL_CA9_c_bcbb3217____set_CPS_USR 0x00000298   ARM Code       8  HAL_CA9.o(.emb_text)
    __asm___9_HAL_CA9_c_bcbb3217____v7_all_cache 0x000002a0   ARM Code     172  HAL_CA9.o(.emb_text)
    rt_set_PSP                               0x0000034c   ARM Code      28  HAL_CA9.o(.emb_text)
    rt_get_PSP                               0x00000368   ARM Code      28  HAL_CA9.o(.emb_text)
    _alloc_box                               0x00000384   ARM Code      24  HAL_CA9.o(.emb_text)
    _free_box                                0x000003a0   ARM Code      24  HAL_CA9.o(.emb_text)
    SVC_Handler                              0x000003bc   ARM Code     632  HAL_CA9.o(.emb_text)
    __RL_RTX_VER                             0x00000473   Number         0  rt_System.o ABSOLUTE
    PendSV_Handler                           0x00000640   ARM Code      76  HAL_CA9.o(.emb_text)
    OS_Tick_Handler                          0x00000694   ARM Code      80  HAL_CA9.o(.emb_text)
    Reset_Handler                            0x000006e4   ARM Code     144  startup_VE_A9_MP.o(.text)
    Undef_Handler                            0x00000774   ARM Code     116  startup_VE_A9_MP.o(.text)
    PAbt_Handler                             0x000007e8   ARM Code      56  startup_VE_A9_MP.o(.text)
    DAbt_Handler                             0x00000820   ARM Code      60  startup_VE_A9_MP.o(.text)
    FIQ_Handler                              0x0000085c   ARM Code       4  startup_VE_A9_MP.o(.text)
    IRQ_Handler                              0x00000864   ARM Code     152  startup_VE_A9_MP.o(.text)
    CALCULATE_DOP                            0x00000919   Thumb Code  3104  DOP.o(.text)
    os_idle_demon                            0x00001539   Thumb Code     4  RTX_Conf_CM.o(.text)
    os_tick_init                             0x0000153d   Thumb Code    26  RTX_Conf_CM.o(.text)
    os_tick_val                              0x00001557   Thumb Code     8  RTX_Conf_CM.o(.text)
    os_tick_ovf                              0x0000155f   Thumb Code     4  RTX_Conf_CM.o(.text)
    os_tick_irqack                           0x00001563   Thumb Code    10  RTX_Conf_CM.o(.text)
    os_error                                 0x0000156d   Thumb Code    26  RTX_Conf_CM.o(.text)
    serialInterface                          0x00001591   Thumb Code    90  RTX_ex2.o(.text)
    $Super$$main                             0x000015eb   Thumb Code   150  RTX_ex2.o(.text)
    channel_locked                           0x000016e1   Thumb Code    28  allocate.o(.text)
    cold_allocate_channel                    0x00001981   Thumb Code    96  allocate.o(.text)
    initialize_allocation                    0x000019e1   Thumb Code    60  allocate.o(.text)
    allocate_thread                          0x00001a1d   Thumb Code   158  allocate.o(.text)
    altera_avalon_uart_lwhal_putchar         0x00001ae1   Thumb Code    28  altera_avalon_uart_lwhal_putchar.o(.text)
    log_ephemeris                            0x000027c1   Thumb Code   722  display.o(.text)
    display_thread                           0x00003071   Thumb Code   330  display.o(.text)
    ekf_position_thread                      0x000039af   Thumb Code   640  ekf_position.o(.text)
    clear_ephemeris                          0x00003c61   Thumb Code    46  ephemeris.o(.text)
    process_subframe1                        0x00003c8f   Thumb Code   494  ephemeris.o(.text)
    process_subframe2                        0x00003e7d   Thumb Code   622  ephemeris.o(.text)
    process_subframe3                        0x000040eb   Thumb Code   528  ephemeris.o(.text)
    process_subframe4                        0x000042fb   Thumb Code    38  ephemeris.o(.text)
    process_subframe5                        0x00004321   Thumb Code    38  ephemeris.o(.text)
    GIC_EnableDistributor                    0x00004359   Thumb Code    14  gic.o(.text)
    GIC_DisableDistributor                   0x00004367   Thumb Code    14  gic.o(.text)
    GIC_DistributorInfo                      0x00004375   Thumb Code     6  gic.o(.text)
    GIC_DistributorImplementer               0x0000437b   Thumb Code     6  gic.o(.text)
    GIC_SetTarget                            0x00004381   Thumb Code    42  gic.o(.text)
    GIC_SetICDICFR                           0x000043ab   Thumb Code    38  gic.o(.text)
    GIC_GetTarget                            0x000043d1   Thumb Code    42  gic.o(.text)
    GIC_EnableInterface                      0x000043fb   Thumb Code    16  gic.o(.text)
    GIC_DisableInterface                     0x0000440b   Thumb Code    16  gic.o(.text)
    GIC_AcknowledgePending                   0x0000441b   Thumb Code    10  gic.o(.text)
    GIC_EndInterrupt                         0x00004425   Thumb Code     8  gic.o(.text)
    GIC_EnableIRQ                            0x0000442d   Thumb Code    38  gic.o(.text)
    GIC_DisableIRQ                           0x00004453   Thumb Code    40  gic.o(.text)
    GIC_SetPendingIRQ                        0x0000447b   Thumb Code    38  gic.o(.text)
    GIC_ClearPendingIRQ                      0x000044a1   Thumb Code    40  gic.o(.text)
    GIC_SetLevelModel                        0x000044c9   Thumb Code    84  gic.o(.text)
    GIC_SetPriority                          0x0000451d   Thumb Code    38  gic.o(.text)
    GIC_GetPriority                          0x00004543   Thumb Code    38  gic.o(.text)
    GIC_InterfacePriorityMask                0x00004569   Thumb Code    10  gic.o(.text)
    GIC_SetBinaryPoint                       0x00004573   Thumb Code    12  gic.o(.text)
    GIC_GetBinaryPoint                       0x0000457f   Thumb Code    10  gic.o(.text)
    GIC_GetIRQStatus                         0x00004589   Thumb Code    78  gic.o(.text)
    GIC_SendSGI                              0x000045d7   Thumb Code    24  gic.o(.text)
    GIC_DistInit                             0x000045ef   Thumb Code    84  gic.o(.text)
    GIC_CPUInterfaceInit                     0x00004643   Thumb Code    80  gic.o(.text)
    GIC_Enable                               0x00004693   Thumb Code    12  gic.o(.text)
    gpio1_set                                0x000046c9   Thumb Code    16  gpio1.o(.text)
    gpio1_clr                                0x000046d9   Thumb Code    16  gpio1.o(.text)
    grab_bit_times                           0x000046ed   Thumb Code    40  measure.o(.text)
    measure_thread                           0x00004715   Thumb Code  1442  measure.o(.text)
    clear_messages                           0x00004d7d   Thumb Code    90  message.o(.text)
    message_thread                           0x0000526b   Thumb Code   734  message.o(.text)
    create_translation_table                 0x00005a4b   Thumb Code   762  mmu_VE_A9_MP.o(.text)
    clear_position                           0x00005e05   Thumb Code     8  position.o(.text)
    ecef_to_llh                              0x00005e0d   Thumb Code   374  position.o(.text)
    calculate_position                       0x00005f83   Thumb Code  2478  position.o(.text)
    calculate_velocity                       0x00006931   Thumb Code  2780  position.o(.text)
    calculate_velocity_test                  0x0000740d   Thumb Code  2780  position.o(.text)
    satellite_azel                           0x00007ee9   Thumb Code   282  position.o(.text)
    SatPosEphemeris                          0x00008003   Thumb Code  2362  position.o(.text)
    SatVelEphemeris                          0x0000893d   Thumb Code    22  position.o(.text)
    clear_pseudoranges                       0x00008961   Thumb Code    64  pseudorange.o(.text)
    calculate_pseudorange                    0x000089a1   Thumb Code   440  pseudorange.o(.text)
    SER_PutChar                              0x00008ba9   Thumb Code    20  serial.o(.text)
    SER_PutString                            0x00008bbd   Thumb Code    24  serial.o(.text)
    SER_GetChar                              0x00008bd5   Thumb Code     8  serial.o(.text)
    interrupt_SER                            0x00008bdd   Thumb Code     2  serial.o(.text)
    __SVC_1                                  0x00008be4   ARM Code      32  system_VE_A9_MP.o(.text)
    InterruptHandlerRegister                 0x00008c05   Thumb Code    24  system_VE_A9_MP.o(.text)
    InterruptHandlerUnregister               0x00008c1d   Thumb Code    24  system_VE_A9_MP.o(.text)
    SystemInit                               0x00008c35   Thumb Code     8  system_VE_A9_MP.o(.text)
    main                                     0x00008c3d   Thumb Code    34  system_VE_A9_MP.o(.text)
    CDAbtHandler                             0x00008c61   Thumb Code   104  system_VE_A9_MP.o(.text)
    CPAbtHandler                             0x00008cc9   Thumb Code    98  system_VE_A9_MP.o(.text)
    CUndefHandler                            0x00008d2d   Thumb Code    64  system_VE_A9_MP.o(.text)
    increment_time_with_tic                  0x00008ded   Thumb Code   104  time.o(.text)
    set_time_with_tow                        0x00008e55   Thumb Code    62  time.o(.text)
    set_clock_correction                     0x00008e93   Thumb Code   150  time.o(.text)
    get_time                                 0x00008f29   Thumb Code    12  time.o(.text)
    get_time_in_seconds                      0x00008f35   Thumb Code     8  time.o(.text)
    set_time_with_weeks                      0x00008f3d   Thumb Code    20  time.o(.text)
    set_to_fix_clock                         0x00008f51   Thumb Code     8  time.o(.text)
    get_clock_state                          0x00008f59   Thumb Code     6  time.o(.text)
    get_standard_time                        0x00008f5f   Thumb Code   364  time.o(.text)
    ekf_init                                 0x000099f1   Thumb Code    34  tiny_ekf.o(.text)
    ekf_step                                 0x00009a13   Thumb Code   348  tiny_ekf.o(.text)
    signExtension                            0x00009b79   Thumb Code    20  tracking.o(.text)
    d_log_data                               0x0000c449   Thumb Code   374  tracking.o(.text)
    tracking                                 0x0000c5bf   Thumb Code   574  tracking.o(.text)
    uart_thread                              0x0000c81d   Thumb Code   322  uart_ARRC.o(.text)
    print_buffer                             0x0000c9b5   Thumb Code    56  uart_putstring.o(.text)
    altera_avalon_uart_lwhal_putstring       0x0000c9ed   Thumb Code    46  uart_putstring.o(.text)
    __aeabi_uidiv                            0x0000ca21   Thumb Code     0  uidiv.o(.text)
    __aeabi_uidivmod                         0x0000ca21   Thumb Code    44  uidiv.o(.text)
    __aeabi_idiv                             0x0000ca4d   Thumb Code     0  idiv.o(.text)
    __aeabi_idivmod                          0x0000ca4d   Thumb Code    40  idiv.o(.text)
    __aeabi_uldivmod                         0x0000ca75   Thumb Code    98  uldiv.o(.text)
    __aeabi_memcpy                           0x0000cad7   Thumb Code    36  memcpya.o(.text)
    __aeabi_memcpy4                          0x0000cad7   Thumb Code     0  memcpya.o(.text)
    __aeabi_memcpy8                          0x0000cad7   Thumb Code     0  memcpya.o(.text)
    __aeabi_memset                           0x0000cafb   Thumb Code    14  memseta.o(.text)
    __aeabi_memset4                          0x0000cafb   Thumb Code     0  memseta.o(.text)
    __aeabi_memset8                          0x0000cafb   Thumb Code     0  memseta.o(.text)
    __aeabi_memclr                           0x0000cb09   Thumb Code     4  memseta.o(.text)
    __aeabi_memclr4                          0x0000cb09   Thumb Code     0  memseta.o(.text)
    __aeabi_memclr8                          0x0000cb09   Thumb Code     0  memseta.o(.text)
    _memset$wrapper                          0x0000cb0d   Thumb Code    18  memseta.o(.text)
    __aeabi_llsl                             0x0000cb1f   Thumb Code    30  llshl.o(.text)
    _ll_shift_l                              0x0000cb1f   Thumb Code     0  llshl.o(.text)
    __aeabi_llsr                             0x0000cb3d   Thumb Code    32  llushr.o(.text)
    _ll_ushift_r                             0x0000cb3d   Thumb Code     0  llushr.o(.text)
    __I$use$fp                               0x0000cb5d   Thumb Code     0  iusefp.o(.text)
    __aeabi_dadd                             0x0000cb5d   Thumb Code   322  dadd.o(.text)
    __aeabi_dsub                             0x0000cc9f   Thumb Code     6  dadd.o(.text)
    __aeabi_drsub                            0x0000cca5   Thumb Code     6  dadd.o(.text)
    __aeabi_dmul                             0x0000ccab   Thumb Code   228  dmul.o(.text)
    __aeabi_ddiv                             0x0000cd8f   Thumb Code   222  ddiv.o(.text)
    __ARM_scalbn                             0x0000ce6d   Thumb Code    46  dscalb.o(.text)
    scalbn                                   0x0000ce6d   Thumb Code     0  dscalb.o(.text)
    __aeabi_d2ulz                            0x0000ce9b   Thumb Code    48  dfixul.o(.text)
    __aeabi_cdrcmple                         0x0000cecd   Thumb Code    48  cdrcmple.o(.text)
    __scatterload                            0x0000cefd   Thumb Code    28  init.o(.text)
    __scatterload_rt2                        0x0000cefd   Thumb Code     0  init.o(.text)
    __aeabi_lasr                             0x0000cf21   Thumb Code    36  llsshr.o(.text)
    _ll_sshift_r                             0x0000cf21   Thumb Code     0  llsshr.o(.text)
    _double_round                            0x0000cf45   Thumb Code    30  depilogue.o(.text)
    _double_epilogue                         0x0000cf63   Thumb Code   156  depilogue.o(.text)
    __decompress                             0x0000cfff   Thumb Code     0  __dczerorl.o(.text)
    __decompress0                            0x0000cfff   Thumb Code    58  __dczerorl.o(.text)
    SVC_Count                                0x0000d038   Data           4  SVC_Table.o(SVC_TABLE)
    SVC_Table                                0x0000d03c   Data           0  SVC_Table.o(SVC_TABLE)
    __0sprintf                               0x0000d041   Thumb Code    34  printfa.o(i.__0sprintf)
    __1sprintf                               0x0000d041   Thumb Code     0  printfa.o(i.__0sprintf)
    __2sprintf                               0x0000d041   Thumb Code     0  printfa.o(i.__0sprintf)
    __c89sprintf                             0x0000d041   Thumb Code     0  printfa.o(i.__0sprintf)
    sprintf                                  0x0000d041   Thumb Code     0  printfa.o(i.__0sprintf)
    __0vsnprintf                             0x0000d069   Thumb Code    32  printfa.o(i.__0vsnprintf)
    __1vsnprintf                             0x0000d069   Thumb Code     0  printfa.o(i.__0vsnprintf)
    __2vsnprintf                             0x0000d069   Thumb Code     0  printfa.o(i.__0vsnprintf)
    __c89vsnprintf                           0x0000d069   Thumb Code     0  printfa.o(i.__0vsnprintf)
    vsnprintf                                0x0000d069   Thumb Code     0  printfa.o(i.__0vsnprintf)
    __ARM_fpclassify                         0x0000d08d   Thumb Code    48  fpclassify.o(i.__ARM_fpclassify)
    __hardfp_asin                            0x0000d0f9   Thumb Code   432  asin.o(i.__hardfp_asin)
    __hardfp_atan                            0x0000d301   Thumb Code   398  atan.o(i.__hardfp_atan)
    __hardfp_atan2                           0x0000d4f9   Thumb Code   388  atan2.o(i.__hardfp_atan2)
    __hardfp_cos                             0x0000d6c1   Thumb Code   158  cos.o(i.__hardfp_cos)
    __hardfp_pow                             0x0000d779   Thumb Code  2104  pow.o(i.__hardfp_pow)
    __hardfp_sin                             0x0000e041   Thumb Code   158  sin.o(i.__hardfp_sin)
    __hardfp_sqrt                            0x0000e0f5   Thumb Code    98  sqrt.o(i.__hardfp_sqrt)
    __ieee754_rem_pio2                       0x0000e159   Thumb Code   636  rred.o(i.__ieee754_rem_pio2)
    __kernel_cos                             0x0000e469   Thumb Code   176  cos_i.o(i.__kernel_cos)
    __kernel_poly                            0x0000e541   Thumb Code   122  poly.o(i.__kernel_poly)
    __kernel_sin                             0x0000e5c1   Thumb Code   144  sin_i.o(i.__kernel_sin)
    __mathlib_dbl_divzero                    0x0000e669   Thumb Code    14  dunder.o(i.__mathlib_dbl_divzero)
    __mathlib_dbl_infnan                     0x0000e689   Thumb Code     6  dunder.o(i.__mathlib_dbl_infnan)
    __mathlib_dbl_infnan2                    0x0000e68f   Thumb Code     6  dunder.o(i.__mathlib_dbl_infnan2)
    __mathlib_dbl_invalid                    0x0000e699   Thumb Code    10  dunder.o(i.__mathlib_dbl_invalid)
    __mathlib_dbl_overflow                   0x0000e6b1   Thumb Code    10  dunder.o(i.__mathlib_dbl_overflow)
    __mathlib_dbl_underflow                  0x0000e6c9   Thumb Code    10  dunder.o(i.__mathlib_dbl_underflow)
    __scatterload_copy                       0x0000e6e1   Thumb Code    14  handlers.o(i.__scatterload_copy)
    __scatterload_null                       0x0000e6ef   Thumb Code     2  handlers.o(i.__scatterload_null)
    __scatterload_zeroinit                   0x0000e6f1   Thumb Code    14  handlers.o(i.__scatterload_zeroinit)
    __set_errno                              0x0000e701   Thumb Code     6  errno.o(i.__set_errno)
    _init_box                                0x0000e871   Thumb Code    88  rt_MemBox.o(i._init_box)
    atan                                     0x0000f00f   Thumb Code    16  atan.o(i.atan)
    fabs                                     0x0000f01f   Thumb Code    24  fabs.o(i.fabs)
    free                                     0x0000f039   Thumb Code    76  malloc.o(i.free)
    isr_evt_set                              0x0000f0bd   Thumb Code    34  rt_Event.o(i.isr_evt_set)
    isr_mbx_send                             0x0000f0e5   Thumb Code    22  rt_Mailbox.o(i.isr_mbx_send)
    malloc                                   0x0000f0fd   Thumb Code    92  malloc.o(i.malloc)
    osKernelInitialize                       0x0000f169   Thumb Code    38  rt_CMSIS.o(i.osKernelInitialize)
    osKernelStart                            0x0000f195   Thumb Code    68  rt_CMSIS.o(i.osKernelStart)
    osSignalSet                              0x0000f1e1   Thumb Code    80  rt_CMSIS.o(i.osSignalSet)
    osSignalWait                             0x0000f235   Thumb Code    48  rt_CMSIS.o(i.osSignalWait)
    osThreadCreate                           0x0000f269   Thumb Code    56  rt_CMSIS.o(i.osThreadCreate)
    osThreadExit                             0x0000f2a9   Thumb Code    22  rt_CMSIS.o(i.osThreadExit)
    rt_alloc_box                             0x0000f2c9   Thumb Code    30  rt_MemBox.o(i.rt_alloc_box)
    rt_alloc_mem                             0x0000f2e7   Thumb Code    86  rt_Memory.o(i.rt_alloc_mem)
    rt_block                                 0x0000f33d   Thumb Code    48  rt_Task.o(i.rt_block)
    rt_chk_robin                             0x0000f375   Thumb Code    76  rt_Robin.o(i.rt_chk_robin)
    rt_dec_dly                               0x0000f3cd   Thumb Code   130  rt_List.o(i.rt_dec_dly)
    rt_dispatch                              0x0000f45d   Thumb Code    72  rt_Task.o(i.rt_dispatch)
    rt_evt_psh                               0x0000f4ad   Thumb Code    88  rt_Event.o(i.rt_evt_psh)
    rt_evt_set                               0x0000f509   Thumb Code   100  rt_Event.o(i.rt_evt_set)
    rt_evt_wait                              0x0000f571   Thumb Code   110  rt_Event.o(i.rt_evt_wait)
    rt_free_box                              0x0000f5e5   Thumb Code    36  rt_MemBox.o(i.rt_free_box)
    rt_free_mem                              0x0000f609   Thumb Code    54  rt_Memory.o(i.rt_free_mem)
    rt_get_first                             0x0000f669   Thumb Code    50  rt_List.o(i.rt_get_first)
    rt_init_mem                              0x0000f6e5   Thumb Code    36  rt_Memory.o(i.rt_init_mem)
    rt_init_robin                            0x0000f709   Thumb Code    14  rt_Robin.o(i.rt_init_robin)
    rt_init_stack                            0x0000f721   Thumb Code   120  HAL_CA.o(i.rt_init_stack)
    rt_mbx_check                             0x0000f7a9   Thumb Code    12  rt_Mailbox.o(i.rt_mbx_check)
    rt_mbx_init                              0x0000f7b5   Thumb Code    34  rt_Mailbox.o(i.rt_mbx_init)
    rt_mbx_psh                               0x0000f7d9   Thumb Code   282  rt_Mailbox.o(i.rt_mbx_psh)
    rt_pop_req                               0x0000f941   Thumb Code   154  rt_System.o(i.rt_pop_req)
    rt_psh_req                               0x0000f9e9   Thumb Code    28  rt_System.o(i.rt_psh_req)
    rt_psq_enq                               0x0000fa11   Thumb Code   120  rt_List.o(i.rt_psq_enq)
    rt_put_dly                               0x0000fa8d   Thumb Code    88  rt_List.o(i.rt_put_dly)
    rt_put_prio                              0x0000fae9   Thumb Code    64  rt_List.o(i.rt_put_prio)
    rt_put_rdy_first                         0x0000fb29   Thumb Code    16  rt_List.o(i.rt_put_rdy_first)
    rt_resort_prio                           0x0000fb3d   Thumb Code    48  rt_List.o(i.rt_resort_prio)
    rt_ret_val                               0x0000fb89   Thumb Code    18  HAL_CA.o(i.rt_ret_val)
    rt_ret_val2                              0x0000fb9b   Thumb Code    26  HAL_CA.o(i.rt_ret_val2)
    rt_rmv_dly                               0x0000fbb5   Thumb Code    40  rt_List.o(i.rt_rmv_dly)
    rt_rmv_list                              0x0000fbdd   Thumb Code    48  rt_List.o(i.rt_rmv_list)
    rt_sem_psh                               0x0000fc11   Thumb Code    56  rt_Semaphore.o(i.rt_sem_psh)
    rt_stk_check                             0x0000fc4d   Thumb Code    40  rt_System.o(i.rt_stk_check)
    rt_switch_req                            0x0000fc7d   Thumb Code    10  rt_Task.o(i.rt_switch_req)
    rt_sys_init                              0x0000fc8d   Thumb Code   180  rt_Task.o(i.rt_sys_init)
    rt_sys_start                             0x0000fd85   Thumb Code   118  rt_Task.o(i.rt_sys_start)
    rt_systick                               0x0000fe05   Thumb Code    56  rt_System.o(i.rt_systick)
    rt_tsk_create                            0x0000fea9   Thumb Code    84  rt_Task.o(i.rt_tsk_create)
    rt_tsk_delete                            0x0000ff05   Thumb Code   362  rt_Task.o(i.rt_tsk_delete)
    rt_tsk_lock                              0x00010089   Thumb Code   130  rt_System.o(i.rt_tsk_lock)
    rt_tsk_prio                              0x0001011d   Thumb Code   138  rt_Task.o(i.rt_tsk_prio)
    rt_tsk_self                              0x000101b9   Thumb Code    18  rt_Task.o(i.rt_tsk_self)
    rt_tsk_unlock                            0x000101d1   Thumb Code   100  rt_System.o(i.rt_tsk_unlock)
    sqrt                                     0x0001024d   Thumb Code   102  sqrt.o(i.sqrt)
    svcKernelInitialize                      0x000102b5   Thumb Code   102  rt_CMSIS.o(i.svcKernelInitialize)
    svcKernelStart                           0x00010341   Thumb Code    70  rt_CMSIS.o(i.svcKernelStart)
    svcMessageCreate                         0x00010391   Thumb Code    60  rt_CMSIS.o(i.svcMessageCreate)
    svcSignalSet                             0x000103cd   Thumb Code    52  rt_CMSIS.o(i.svcSignalSet)
    svcSignalWait                            0x00010401   Thumb Code   114  rt_CMSIS.o(i.svcSignalWait)
    svcThreadCreate                          0x00010479   Thumb Code   136  rt_CMSIS.o(i.svcThreadCreate)
    svcThreadGetId                           0x0001050d   Thumb Code    24  rt_CMSIS.o(i.svcThreadGetId)
    svcThreadTerminate                       0x00010529   Thumb Code    64  rt_CMSIS.o(i.svcThreadTerminate)
    sysTimerTick                             0x00010571   Thumb Code    70  rt_CMSIS.o(i.sysTimerTick)
    os_maxtaskrun                            0x000105c0   Data           2  RTX_Conf_CM.o(.constdata)
    os_stackinfo                             0x000105c4   Data           4  RTX_Conf_CM.o(.constdata)
    os_rrobin                                0x000105c8   Data           4  RTX_Conf_CM.o(.constdata)
    os_tickfreq                              0x000105cc   Data           4  RTX_Conf_CM.o(.constdata)
    os_tickus_i                              0x000105d0   Data           2  RTX_Conf_CM.o(.constdata)
    os_tickus_f                              0x000105d2   Data           2  RTX_Conf_CM.o(.constdata)
    os_trv                                   0x000105d4   Data           4  RTX_Conf_CM.o(.constdata)
    os_flags                                 0x000105d8   Data           1  RTX_Conf_CM.o(.constdata)
    CMSIS_RTOS_API_Version                   0x000105dc   Data           4  RTX_Conf_CM.o(.constdata)
    CMSIS_RTOS_RTX_Version                   0x000105e0   Data           4  RTX_Conf_CM.o(.constdata)
    os_clockrate                             0x000105e4   Data           4  RTX_Conf_CM.o(.constdata)
    os_timernum                              0x000105e8   Data           4  RTX_Conf_CM.o(.constdata)
    mp_tcb_size                              0x000105ec   Data           2  RTX_Conf_CM.o(.constdata)
    mp_stk_size                              0x000105f0   Data           4  RTX_Conf_CM.o(.constdata)
    os_stack_sz                              0x000105f4   Data           4  RTX_Conf_CM.o(.constdata)
    os_fifo_size                             0x000105f8   Data           1  RTX_Conf_CM.o(.constdata)
    os_messageQ_def_osTimerMessageQ          0x000105fc   Data           8  RTX_Conf_CM.o(.constdata)
    mp_tmr_size                              0x00010604   Data           2  RTX_Conf_CM.o(.constdata)
    os_thread_def_allocate_thread            0x00010608   Data          16  RTX_ex2.o(.constdata)
    os_thread_def_display_thread             0x00010618   Data          16  RTX_ex2.o(.constdata)
    os_thread_def_message_thread             0x00010628   Data          16  RTX_ex2.o(.constdata)
    os_thread_def_measure_thread             0x00010638   Data          16  RTX_ex2.o(.constdata)
    os_thread_def_ekf_position_thread        0x00010648   Data          16  RTX_ex2.o(.constdata)
    os_thread_def_uart_thread                0x00010658   Data          16  RTX_ex2.o(.constdata)
    GICDistributor_BASE                      0x000106b0   Data           4  gic.o(.constdata)
    GICInterface_BASE                        0x000106b4   Data           4  gic.o(.constdata)
    __mathlib_zero                           0x00010858   Data           8  qnan.o(.constdata)
    Region$$Table$$Base                      0x00010db4   Number         0  anon$$obj.o(Region$$Table)
    Region$$Table$$Limit                     0x00010dd4   Number         0  anon$$obj.o(Region$$Table)
    Image$$RW_DATA$$Base                     0x00200000   Number         0  anon$$obj.o ABSOLUTE
    osThreadId_osTimerThread                 0x00200000   Data           4  RTX_Conf_CM.o(.data)
    osMessageQId_osTimerMessageQ             0x00200004   Data           4  RTX_Conf_CM.o(.data)
    os_tmr                                   0x00200008   Data           4  RTX_Conf_CM.o(.data)
    m_tmr                                    0x0020000c   Data           4  RTX_Conf_CM.o(.data)
    os_thread_def_main                       0x00200010   Data          16  RTX_Conf_CM.o(.data)
    allocate_thread_id                       0x00200020   Data           4  RTX_ex2.o(.data)
    display_thread_id                        0x00200024   Data           4  RTX_ex2.o(.data)
    message_thread_id                        0x00200028   Data           4  RTX_ex2.o(.data)
    measure_thread_id                        0x0020002c   Data           4  RTX_ex2.o(.data)
    ekf_position_thread_id                   0x00200030   Data           4  RTX_ex2.o(.data)
    uart_thread_id                           0x00200034   Data           4  RTX_ex2.o(.data)
    display_command                          0x00200084   Data           2  display.o(.data)
    channels_ready                           0x0020009c   Data           4  measure.o(.data)
    positioning                              0x002000cc   Data           2  position.o(.data)
    IRQCount                                 0x002000d4   Data           4  system_VE_A9_MP.o(.data)
    channels_with_bits                       0x002000dc   Data           4  tracking.o(.data)
    d_data_index                             0x002000e0   Data           4  tracking.o(.data)
    len                                      0x002000e4   Data           4  uart_putstring.o(.data)
    os_initialized                           0x002000e8   Data           1  rt_CMSIS.o(.data)
    os_running                               0x002000e9   Data           1  rt_CMSIS.o(.data)
    os_timer_head                            0x002000ec   Data           4  rt_CMSIS.o(.data)
    IRQNestLevel                             0x002000f4   Data           4  HAL_CA.o(.data)
    os_tick_irqn                             0x002000fc   Data           4  rt_System.o(.data)
    os_time                                  0x00200104   Data           4  rt_Time.o(.data)
    os_tsk                                   0x0020010c   Data           8  rt_Task.o(.data)
    os_robin                                 0x00200118   Data           8  rt_Robin.o(.data)
    __microlib_freelist                      0x00200120   Data           4  mvars.o(.data)
    __microlib_freelist_initialised          0x00200124   Data           4  mvars.o(.data)
    Image$$ZI_DATA$$Base                     0x00300000   Number         0  anon$$obj.o ABSOLUTE
    mp_tcb                                   0x00300000   Data         428  RTX_Conf_CM.o(.bss)
    mp_stk                                   0x003001b0   Data       65552  RTX_Conf_CM.o(.bss)
    os_stack_mem                             0x003101c0   Data         824  RTX_Conf_CM.o(.bss)
    os_fifo                                  0x003104f8   Data         132  RTX_Conf_CM.o(.bss)
    os_active_TCB                            0x0031057c   Data          32  RTX_Conf_CM.o(.bss)
    os_thread_def_osTimerThread              0x0031059c   Data          16  RTX_Conf_CM.o(.bss)
    os_messageQ_q_osTimerMessageQ            0x003105ac   Data          16  RTX_Conf_CM.o(.bss)
    ekf                                      0x00310630   Data        7160  ekf_position.o(.bss)
    ekf_pos                                  0x00312228   Data          88  ekf_position.o(.bss)
    SV_Pos                                   0x00312280   Data         192  ekf_position.o(.bss)
    SV_Rho                                   0x00312340   Data          48  ekf_position.o(.bss)
    ephemeris                                0x00312370   Data        2576  ephemeris.o(.bss)
    log_eph                                  0x00312d80   Data          14  ephemeris.o(.bss)
    meas                                     0x00312d90   Data         392  measure.o(.bss)
    meas_time                                0x00312f18   Data          16  measure.o(.bss)
    receiver_DOP                             0x00312f28   Data          40  measure.o(.bss)
    messages                                 0x00312f50   Data        3752  message.o(.bss)
    receiver_pvt                             0x00313df8   Data          80  position.o(.bss)
    receiver_pvt_velocity                    0x00313e48   Data          80  position.o(.bss)
    receiver_pvt_velocity_test               0x00313e98   Data          80  position.o(.bss)
    receiver_llh                             0x00313ee8   Data          24  position.o(.bss)
    sat_azel                                 0x00313f00   Data         224  position.o(.bss)
    sat_pos_by_ch                            0x00313fe0   Data         448  position.o(.bss)
    sat_pos_by_ch_old                        0x003141a0   Data         448  position.o(.bss)
    sat_vel_by_ch                            0x00314360   Data         448  position.o(.bss)
    sat_vel_by_ch_test                       0x00314520   Data         448  position.o(.bss)
    sat_position                             0x003146e0   Data         896  position.o(.bss)
    m_rho                                    0x00314a60   Data         112  position.o(.bss)
    m_rho_dot                                0x00314ad0   Data         112  position.o(.bss)
    m_rho_dot_test                           0x00314b40   Data         112  position.o(.bss)
    debug_sat_dot                            0x00314bb0   Data        2400  position.o(.bss)
    pr                                       0x00315510   Data         896  pseudorange.o(.bss)
    pr_time                                  0x00315890   Data          16  pseudorange.o(.bss)
    pr2                                      0x003158a0   Data         896  pseudorange.o(.bss)
    pr2_time                                 0x00315c20   Data          16  pseudorange.o(.bss)
    IRQTable                                 0x00315c30   Data         324  system_VE_A9_MP.o(.bss)
    CH                                       0x00315d88   Data        3472  tracking.o(.bss)
    d_pull_in_monitor                        0x00316b18   Data         128  tracking.o(.bss)
    d_data                                   0x00316b98   Data       8000000  tracking.o(.bss)
    arrc1_buf                                0x00ab7d98   Data         504  uart_ARRC.o(.bss)
    arrc2_buf                                0x00ab7f90   Data         504  uart_ARRC.o(.bss)
    os_rdy                                   0x00ab8188   Data          24  rt_List.o(.bss)
    os_dly                                   0x00ab81a0   Data          24  rt_List.o(.bss)
    os_idle_TCB                              0x00ab81b8   Data          52  rt_Task.o(.bss)
    __heap_base                              0x00ab81f0   Data           0  startup_VE_A9_MP.o(HEAP)
    __heap_limit                             0x00ab81f0   Data           0  startup_VE_A9_MP.o(HEAP)
    __initial_sp                             0x00ab82f0   Data        1024  startup_VE_A9_MP.o(STACK)
    Image$$TTB$$ZI$$Base                     0x00ab86f0   Number         0  anon$$obj.o ABSOLUTE



==============================================================================

Memory Map of the image

  Image Entry point : 0x00000000

  Load Region SDRAM (Base: 0x00000000, Size: 0x00010f00, Max: 0x40000000, ABSOLUTE, COMPRESSED[0x00010e40])

    Execution Region VECTORS (Base: 0x00000000, Size: 0x00010dd4, Max: 0x00200000, ABSOLUTE)

    Base Addr    Size         Type   Attr      Idx    E Section Name        Object

    0x00000000   0x0000003c   Code   RO            4  * RESET               startup_VE_A9_MP.o
    0x0000003c   0x00000000   Code   RO         2219  * .ARM.Collect$$$$00000000  mc_2.l(entry.o)
    0x0000003c   0x00000004   Code   RO         2562    .ARM.Collect$$$$00000001  mc_2.l(entry2.o)
    0x00000040   0x00000004   Code   RO         2565    .ARM.Collect$$$$00000004  mc_2.l(entry5.o)
    0x00000044   0x00000000   Code   RO         2567    .ARM.Collect$$$$00000008  mc_2.l(entry7b.o)
    0x00000044   0x00000000   Code   RO         2569    .ARM.Collect$$$$0000000A  mc_2.l(entry8b.o)
    0x00000044   0x00000000   Code   RO         2570    .ARM.Collect$$$$0000000D  mc_2.l(entry10a.o)
    0x00000044   0x00000000   Code   RO         2572    .ARM.Collect$$$$0000000F  mc_2.l(entry11a.o)
    0x00000044   0x0000001c   Code   RO           53    .ARM.Collect$$$$000000FF  RTX_Conf_CM.o
    0x00000060   0x00000004   Code   RO         2563    .ARM.Collect$$$$00002712  mc_2.l(entry2.o)
    0x00000064   0x00000148   Code   RO          607    .emb_text           system_VE_A9_MP.o
    0x000001ac   0x000000d0   Code   RO          748    .emb_text           RTX_CA9_L.lib(rt_CMSIS.o)
    0x0000027c   0x00000468   Code   RO         1436    .emb_text           RTX_CA9_L.lib(HAL_CA9.o)
    0x000006e4   0x00000234   Code   RO            5    .text               startup_VE_A9_MP.o
    0x00000918   0x00000c20   Code   RO           13    .text               DOP.o
    0x00001538   0x00000058   Code   RO           54    .text               RTX_Conf_CM.o
    0x00001590   0x00000150   Code   RO           88    .text               RTX_ex2.o
    0x000016e0   0x00000400   Code   RO          189    .text               allocate.o
    0x00001ae0   0x0000001c   Code   RO          276    .text               altera_avalon_uart_lwhal_putchar.o
    0x00001afc   0x000016e0   Code   RO          341    .text               display.o
    0x000031dc   0x00000a84   Code   RO          374    .text               ekf_position.o
    0x00003c60   0x000006f8   Code   RO          397    .text               ephemeris.o
    0x00004358   0x00000370   Code   RO          418    .text               gic.o
    0x000046c8   0x00000024   Code   RO          442    .text               gpio1.o
    0x000046ec   0x00000614   Code   RO          457    .text               measure.o
    0x00004d00   0x00000848   Code   RO          480    .text               message.o
    0x00005548   0x000008bc   Code   RO          501    .text               mmu_VE_A9_MP.o
    0x00005e04   0x00002b5c   Code   RO          555    .text               position.o
    0x00008960   0x00000248   Code   RO          575    .text               pseudorange.o
    0x00008ba8   0x0000003c   Code   RO          593    .text               serial.o
    0x00008be4   0x00000020   Code   RO          608    .text               system_VE_A9_MP.o
    0x00008c04   0x000001e8   Code   RO          609    .text               system_VE_A9_MP.o
    0x00008dec   0x00000350   Code   RO          642    .text               time.o
    0x0000913c   0x00000a3c   Code   RO          657    .text               tiny_ekf.o
    0x00009b78   0x00002ca4   Code   RO          669    .text               tracking.o
    0x0000c81c   0x00000198   Code   RO          688    .text               uart_ARRC.o
    0x0000c9b4   0x0000006c   Code   RO          723    .text               uart_putstring.o
    0x0000ca20   0x0000002c   Code   RO         2222    .text               mc_2.l(uidiv.o)
    0x0000ca4c   0x00000028   Code   RO         2224    .text               mc_2.l(idiv.o)
    0x0000ca74   0x00000062   Code   RO         2226    .text               mc_2.l(uldiv.o)
    0x0000cad6   0x00000024   Code   RO         2228    .text               mc_2.l(memcpya.o)
    0x0000cafa   0x00000024   Code   RO         2230    .text               mc_2.l(memseta.o)
    0x0000cb1e   0x0000001e   Code   RO         2577    .text               mc_2.l(llshl.o)
    0x0000cb3c   0x00000020   Code   RO         2579    .text               mc_2.l(llushr.o)
    0x0000cb5c   0x00000000   Code   RO         2590    .text               mc_2.l(iusefp.o)
    0x0000cb5c   0x0000014e   Code   RO         2591    .text               mf_2.l(dadd.o)
    0x0000ccaa   0x000000e4   Code   RO         2593    .text               mf_2.l(dmul.o)
    0x0000cd8e   0x000000de   Code   RO         2595    .text               mf_2.l(ddiv.o)
    0x0000ce6c   0x0000002e   Code   RO         2597    .text               mf_2.l(dscalb.o)
    0x0000ce9a   0x00000030   Code   RO         2599    .text               mf_2.l(dfixul.o)
    0x0000ceca   0x00000002   PAD
    0x0000cecc   0x00000030   Code   RO         2601    .text               mf_2.l(cdrcmple.o)
    0x0000cefc   0x00000024   Code   RO         2603    .text               mc_2.l(init.o)
    0x0000cf20   0x00000024   Code   RO         2606    .text               mc_2.l(llsshr.o)
    0x0000cf44   0x000000ba   Code   RO         2609    .text               mf_2.l(depilogue.o)
    0x0000cffe   0x0000003a   Code   RO         2619    .text               mc_2.l(__dczerorl.o)
    0x0000d038   0x00000008   Code   RO         2079    SVC_TABLE           RTX_CA9_L.lib(SVC_Table.o)
    0x0000d040   0x00000028   Code   RO         2469    i.__0sprintf        mc_2.l(printfa.o)
    0x0000d068   0x00000024   Code   RO         2472    i.__0vsnprintf      mc_2.l(printfa.o)
    0x0000d08c   0x00000030   Code   RO         2546    i.__ARM_fpclassify  m_2v.l(fpclassify.o)
    0x0000d0bc   0x00000030   Code   RO          749    i.__exceptional_mode  RTX_CA9_L.lib(rt_CMSIS.o)
    0x0000d0ec   0x0000000c   Code   RO          750    i.__get_mode        RTX_CA9_L.lib(rt_CMSIS.o)
    0x0000d0f8   0x00000208   Code   RO         2129    i.__hardfp_asin     m_2v.l(asin.o)
    0x0000d300   0x000001f8   Code   RO         2143    i.__hardfp_atan     m_2v.l(atan.o)
    0x0000d4f8   0x000001c8   Code   RO         2157    i.__hardfp_atan2    m_2v.l(atan2.o)
    0x0000d6c0   0x000000b4   Code   RO         2169    i.__hardfp_cos      m_2v.l(cos.o)
    0x0000d774   0x00000004   PAD
    0x0000d778   0x000008c8   Code   RO         2181    i.__hardfp_pow      m_2v.l(pow.o)
    0x0000e040   0x000000b4   Code   RO         2195    i.__hardfp_sin      m_2v.l(sin.o)
    0x0000e0f4   0x00000062   Code   RO         2207    i.__hardfp_sqrt     m_2v.l(sqrt.o)
    0x0000e156   0x00000002   PAD
    0x0000e158   0x00000310   Code   RO         2551    i.__ieee754_rem_pio2  m_2v.l(rred.o)
    0x0000e468   0x000000d8   Code   RO         2523    i.__kernel_cos      m_2v.l(cos_i.o)
    0x0000e540   0x0000007a   Code   RO         2548    i.__kernel_poly     m_2v.l(poly.o)
    0x0000e5ba   0x00000006   PAD
    0x0000e5c0   0x000000a8   Code   RO         2556    i.__kernel_sin      m_2v.l(sin_i.o)
    0x0000e668   0x00000020   Code   RO         2526    i.__mathlib_dbl_divzero  m_2v.l(dunder.o)
    0x0000e688   0x00000006   Code   RO         2527    i.__mathlib_dbl_infnan  m_2v.l(dunder.o)
    0x0000e68e   0x00000006   Code   RO         2528    i.__mathlib_dbl_infnan2  m_2v.l(dunder.o)
    0x0000e694   0x00000004   PAD
    0x0000e698   0x00000018   Code   RO         2529    i.__mathlib_dbl_invalid  m_2v.l(dunder.o)
    0x0000e6b0   0x00000018   Code   RO         2530    i.__mathlib_dbl_overflow  m_2v.l(dunder.o)
    0x0000e6c8   0x00000018   Code   RO         2532    i.__mathlib_dbl_underflow  m_2v.l(dunder.o)
    0x0000e6e0   0x0000000e   Code   RO         2613    i.__scatterload_copy  mc_2.l(handlers.o)
    0x0000e6ee   0x00000002   Code   RO         2614    i.__scatterload_null  mc_2.l(handlers.o)
    0x0000e6f0   0x0000000e   Code   RO         2615    i.__scatterload_zeroinit  mc_2.l(handlers.o)
    0x0000e6fe   0x00000002   PAD
    0x0000e700   0x0000000c   Code   RO         2585    i.__set_errno       mc_2.l(errno.o)
    0x0000e70c   0x00000164   Code   RO         2474    i._fp_digits        mc_2.l(printfa.o)
    0x0000e870   0x00000058   Code   RO         1650    i._init_box         RTX_CA9_L.lib(rt_MemBox.o)
    0x0000e8c8   0x000006d4   Code   RO         2475    i._printf_core      mc_2.l(printfa.o)
    0x0000ef9c   0x00000024   Code   RO         2476    i._printf_post_padding  mc_2.l(printfa.o)
    0x0000efc0   0x0000002e   Code   RO         2477    i._printf_pre_padding  mc_2.l(printfa.o)
    0x0000efee   0x00000016   Code   RO         2478    i._snputc           mc_2.l(printfa.o)
    0x0000f004   0x0000000a   Code   RO         2479    i._sputc            mc_2.l(printfa.o)
    0x0000f00e   0x00000010   Code   RO         2145    i.atan              m_2v.l(atan.o)
    0x0000f01e   0x00000018   Code   RO         2542    i.fabs              m_2v.l(fabs.o)
    0x0000f036   0x00000002   PAD
    0x0000f038   0x00000050   Code   RO         2495    i.free              mc_2.l(malloc.o)
    0x0000f088   0x00000032   Code   RO          751    i.isrMessagePut     RTX_CA9_L.lib(rt_CMSIS.o)
    0x0000f0ba   0x00000002   PAD
    0x0000f0bc   0x00000028   Code   RO         2026    i.isr_evt_set       RTX_CA9_L.lib(rt_Event.o)
    0x0000f0e4   0x00000016   Code   RO         1588    i.isr_mbx_send      RTX_CA9_L.lib(rt_Mailbox.o)
    0x0000f0fa   0x00000002   PAD
    0x0000f0fc   0x0000006c   Code   RO         2496    i.malloc            mc_2.l(malloc.o)
    0x0000f168   0x0000002c   Code   RO          753    i.osKernelInitialize  RTX_CA9_L.lib(rt_CMSIS.o)
    0x0000f194   0x0000004c   Code   RO          755    i.osKernelStart     RTX_CA9_L.lib(rt_CMSIS.o)
    0x0000f1e0   0x00000054   Code   RO          779    i.osSignalSet       RTX_CA9_L.lib(rt_CMSIS.o)
    0x0000f234   0x00000034   Code   RO          780    i.osSignalWait      RTX_CA9_L.lib(rt_CMSIS.o)
    0x0000f268   0x00000040   Code   RO          781    i.osThreadCreate    RTX_CA9_L.lib(rt_CMSIS.o)
    0x0000f2a8   0x00000020   Code   RO          782    i.osThreadExit      RTX_CA9_L.lib(rt_CMSIS.o)
    0x0000f2c8   0x0000001e   Code   RO         1651    i.rt_alloc_box      RTX_CA9_L.lib(rt_MemBox.o)
    0x0000f2e6   0x00000056   Code   RO         1690    i.rt_alloc_mem      RTX_CA9_L.lib(rt_Memory.o)
    0x0000f33c   0x00000038   Code   RO         1927    i.rt_block          RTX_CA9_L.lib(rt_Task.o)
    0x0000f374   0x00000058   Code   RO         2085    i.rt_chk_robin      RTX_CA9_L.lib(rt_Robin.o)
    0x0000f3cc   0x00000090   Code   RO         1761    i.rt_dec_dly        RTX_CA9_L.lib(rt_List.o)
    0x0000f45c   0x00000050   Code   RO         1928    i.rt_dispatch       RTX_CA9_L.lib(rt_Task.o)
    0x0000f4ac   0x0000005c   Code   RO         2029    i.rt_evt_psh        RTX_CA9_L.lib(rt_Event.o)
    0x0000f508   0x00000068   Code   RO         2030    i.rt_evt_set        RTX_CA9_L.lib(rt_Event.o)
    0x0000f570   0x00000074   Code   RO         2031    i.rt_evt_wait       RTX_CA9_L.lib(rt_Event.o)
    0x0000f5e4   0x00000024   Code   RO         1652    i.rt_free_box       RTX_CA9_L.lib(rt_MemBox.o)
    0x0000f608   0x00000036   Code   RO         1691    i.rt_free_mem       RTX_CA9_L.lib(rt_Memory.o)
    0x0000f63e   0x00000002   PAD
    0x0000f640   0x00000028   Code   RO         1929    i.rt_get_TID        RTX_CA9_L.lib(rt_Task.o)
    0x0000f668   0x00000032   Code   RO         1762    i.rt_get_first      RTX_CA9_L.lib(rt_List.o)
    0x0000f69a   0x00000002   PAD
    0x0000f69c   0x00000048   Code   RO         1930    i.rt_init_context   RTX_CA9_L.lib(rt_Task.o)
    0x0000f6e4   0x00000024   Code   RO         1692    i.rt_init_mem       RTX_CA9_L.lib(rt_Memory.o)
    0x0000f708   0x00000018   Code   RO         2086    i.rt_init_robin     RTX_CA9_L.lib(rt_Robin.o)
    0x0000f720   0x00000088   Code   RO         1383    i.rt_init_stack     RTX_CA9_L.lib(HAL_CA.o)
    0x0000f7a8   0x0000000c   Code   RO         1589    i.rt_mbx_check      RTX_CA9_L.lib(rt_Mailbox.o)
    0x0000f7b4   0x00000022   Code   RO         1590    i.rt_mbx_init       RTX_CA9_L.lib(rt_Mailbox.o)
    0x0000f7d6   0x00000002   PAD
    0x0000f7d8   0x00000120   Code   RO         1591    i.rt_mbx_psh        RTX_CA9_L.lib(rt_Mailbox.o)
    0x0000f8f8   0x00000048   Code   RO          799    i.rt_ms2tick        RTX_CA9_L.lib(rt_CMSIS.o)
    0x0000f940   0x000000a8   Code   RO         1487    i.rt_pop_req        RTX_CA9_L.lib(rt_System.o)
    0x0000f9e8   0x00000028   Code   RO         1488    i.rt_psh_req        RTX_CA9_L.lib(rt_System.o)
    0x0000fa10   0x0000007c   Code   RO         1764    i.rt_psq_enq        RTX_CA9_L.lib(rt_List.o)
    0x0000fa8c   0x0000005c   Code   RO         1765    i.rt_put_dly        RTX_CA9_L.lib(rt_List.o)
    0x0000fae8   0x00000040   Code   RO         1766    i.rt_put_prio       RTX_CA9_L.lib(rt_List.o)
    0x0000fb28   0x00000014   Code   RO         1767    i.rt_put_rdy_first  RTX_CA9_L.lib(rt_List.o)
    0x0000fb3c   0x00000034   Code   RO         1768    i.rt_resort_prio    RTX_CA9_L.lib(rt_List.o)
    0x0000fb70   0x00000018   Code   RO         1384    i.rt_ret_regs       RTX_CA9_L.lib(HAL_CA.o)
    0x0000fb88   0x00000012   Code   RO         1385    i.rt_ret_val        RTX_CA9_L.lib(HAL_CA.o)
    0x0000fb9a   0x0000001a   Code   RO         1386    i.rt_ret_val2       RTX_CA9_L.lib(HAL_CA.o)
    0x0000fbb4   0x00000028   Code   RO         1769    i.rt_rmv_dly        RTX_CA9_L.lib(rt_List.o)
    0x0000fbdc   0x00000034   Code   RO         1770    i.rt_rmv_list       RTX_CA9_L.lib(rt_List.o)
    0x0000fc10   0x0000003c   Code   RO         1850    i.rt_sem_psh        RTX_CA9_L.lib(rt_Semaphore.o)
    0x0000fc4c   0x00000030   Code   RO         1490    i.rt_stk_check      RTX_CA9_L.lib(rt_System.o)
    0x0000fc7c   0x00000010   Code   RO         1931    i.rt_switch_req     RTX_CA9_L.lib(rt_Task.o)
    0x0000fc8c   0x000000f8   Code   RO         1932    i.rt_sys_init       RTX_CA9_L.lib(rt_Task.o)
    0x0000fd84   0x00000080   Code   RO         1933    i.rt_sys_start      RTX_CA9_L.lib(rt_Task.o)
    0x0000fe04   0x00000044   Code   RO         1492    i.rt_systick        RTX_CA9_L.lib(rt_System.o)
    0x0000fe48   0x00000020   Code   RO          800    i.rt_tid2ptcb       RTX_CA9_L.lib(rt_CMSIS.o)
    0x0000fe68   0x00000040   Code   RO          801    i.rt_timer_insert   RTX_CA9_L.lib(rt_CMSIS.o)
    0x0000fea8   0x0000005c   Code   RO         1934    i.rt_tsk_create     RTX_CA9_L.lib(rt_Task.o)
    0x0000ff04   0x00000184   Code   RO         1935    i.rt_tsk_delete     RTX_CA9_L.lib(rt_Task.o)
    0x00010088   0x00000094   Code   RO         1493    i.rt_tsk_lock       RTX_CA9_L.lib(rt_System.o)
    0x0001011c   0x0000009c   Code   RO         1937    i.rt_tsk_prio       RTX_CA9_L.lib(rt_Task.o)
    0x000101b8   0x00000018   Code   RO         1938    i.rt_tsk_self       RTX_CA9_L.lib(rt_Task.o)
    0x000101d0   0x0000007c   Code   RO         1494    i.rt_tsk_unlock     RTX_CA9_L.lib(rt_System.o)
    0x0001024c   0x00000066   Code   RO         2209    i.sqrt              m_2v.l(sqrt.o)
    0x000102b2   0x00000002   PAD
    0x000102b4   0x0000008c   Code   RO          804    i.svcKernelInitialize  RTX_CA9_L.lib(rt_CMSIS.o)
    0x00010340   0x00000050   Code   RO          806    i.svcKernelStart    RTX_CA9_L.lib(rt_CMSIS.o)
    0x00010390   0x0000003c   Code   RO          809    i.svcMessageCreate  RTX_CA9_L.lib(rt_CMSIS.o)
    0x000103cc   0x00000034   Code   RO          822    i.svcSignalSet      RTX_CA9_L.lib(rt_CMSIS.o)
    0x00010400   0x00000078   Code   RO          823    i.svcSignalWait     RTX_CA9_L.lib(rt_CMSIS.o)
    0x00010478   0x00000094   Code   RO          824    i.svcThreadCreate   RTX_CA9_L.lib(rt_CMSIS.o)
    0x0001050c   0x0000001c   Code   RO          825    i.svcThreadGetId    RTX_CA9_L.lib(rt_CMSIS.o)
    0x00010528   0x00000044   Code   RO          828    i.svcThreadTerminate  RTX_CA9_L.lib(rt_CMSIS.o)
    0x0001056c   0x00000002   Code   RO          839    i.sysThreadError    RTX_CA9_L.lib(rt_CMSIS.o)
    0x0001056e   0x00000002   PAD
    0x00010570   0x00000050   Code   RO          840    i.sysTimerTick      RTX_CA9_L.lib(rt_CMSIS.o)
    0x000105c0   0x00000046   Data   RO           56    .constdata          RTX_Conf_CM.o
    0x00010606   0x00000002   PAD
    0x00010608   0x00000060   Data   RO           89    .constdata          RTX_ex2.o
    0x00010668   0x00000048   Data   RO          376    .constdata          ekf_position.o
    0x000106b0   0x00000008   Data   RO          419    .constdata          gic.o
    0x000106b8   0x00000050   Data   RO         2132    .constdata          m_2v.l(asin.o)
    0x00010708   0x00000098   Data   RO         2146    .constdata          m_2v.l(atan.o)
    0x000107a0   0x00000088   Data   RO         2184    .constdata          m_2v.l(pow.o)
    0x00010828   0x00000030   Data   RO         2524    .constdata          m_2v.l(cos_i.o)
    0x00010858   0x00000008   Data   RO         2550    .constdata          m_2v.l(qnan.o)
    0x00010860   0x000000c8   Data   RO         2553    .constdata          m_2v.l(rred.o)
    0x00010928   0x00000028   Data   RO         2557    .constdata          m_2v.l(sin_i.o)
    0x00010950   0x000003e9   Data   RO          342    .conststring        display.o
    0x00010d39   0x00000003   PAD
    0x00010d3c   0x00000076   Data   RO          690    .conststring        uart_ARRC.o
    0x00010db2   0x00000002   PAD
    0x00010db4   0x00000020   Data   RO         2611    Region$$Table       anon$$obj.o


    Execution Region RW_DATA (Base: 0x00200000, Size: 0x0000012c, Max: 0x00100000, ABSOLUTE, COMPRESSED[0x0000006c])

    Base Addr    Size         Type   Attr      Idx    E Section Name        Object

    0x00200000   0x00000020   Data   RW           57    .data               RTX_Conf_CM.o
    0x00200020   0x00000018   Data   RW           90    .data               RTX_ex2.o
    0x00200038   0x0000004c   Data   RW          191    .data               allocate.o
    0x00200084   0x00000011   Data   RW          343    .data               display.o
    0x00200095   0x00000003   PAD
    0x00200098   0x00000004   Data   RW          377    .data               ekf_position.o
    0x0020009c   0x00000006   Data   RW          459    .data               measure.o
    0x002000a2   0x00000002   PAD
    0x002000a4   0x00000028   Data   RW          502    .data               mmu_VE_A9_MP.o
    0x002000cc   0x00000008   Data   RW          557    .data               position.o
    0x002000d4   0x00000004   Data   RW          611    .data               system_VE_A9_MP.o
    0x002000d8   0x00000001   Data   RW          644    .data               time.o
    0x002000d9   0x00000003   PAD
    0x002000dc   0x00000008   Data   RW          671    .data               tracking.o
    0x002000e4   0x00000004   Data   RW          725    .data               uart_putstring.o
    0x002000e8   0x00000008   Data   RW          843    .data               RTX_CA9_L.lib(rt_CMSIS.o)
    0x002000f0   0x00000008   Data   RW         1387    .data               RTX_CA9_L.lib(HAL_CA.o)
    0x002000f8   0x0000000a   Data   RW         1495    .data               RTX_CA9_L.lib(rt_System.o)
    0x00200102   0x00000002   PAD
    0x00200104   0x00000004   Data   RW         1895    .data               RTX_CA9_L.lib(rt_Time.o)
    0x00200108   0x0000000c   Data   RW         1940    .data               RTX_CA9_L.lib(rt_Task.o)
    0x00200114   0x0000000c   Data   RW         2087    .data               RTX_CA9_L.lib(rt_Robin.o)
    0x00200120   0x00000004   Data   RW         2581    .data               mc_2.l(mvars.o)
    0x00200124   0x00000004   Data   RW         2582    .data               mc_2.l(mvars.o)
    0x00200128   0x00000004   Data   RW         2586    .data               mc_2.l(errno.o)


    Execution Region ZI_DATA (Base: 0x00300000, Size: 0x007b86f0, Max: 0xffffffff, ABSOLUTE)

    Base Addr    Size         Type   Attr      Idx    E Section Name        Object

    0x00300000   0x000105bc   Zero   RW           55    .bss                RTX_Conf_CM.o
    0x003105bc   0x00000004   PAD
    0x003105c0   0x00000070   Zero   RW          190    .bss                allocate.o
    0x00310630   0x00001d40   Zero   RW          375    .bss                ekf_position.o
    0x00312370   0x00000a1e   Zero   RW          398    .bss                ephemeris.o
    0x00312d8e   0x00000002   PAD
    0x00312d90   0x000001c0   Zero   RW          458    .bss                measure.o
    0x00312f50   0x00000ea8   Zero   RW          481    .bss                message.o
    0x00313df8   0x00001718   Zero   RW          556    .bss                position.o
    0x00315510   0x00000720   Zero   RW          576    .bss                pseudorange.o
    0x00315c30   0x00000144   Zero   RW          610    .bss                system_VE_A9_MP.o
    0x00315d74   0x00000004   PAD
    0x00315d78   0x00000010   Zero   RW          643    .bss                time.o
    0x00315d88   0x007a2010   Zero   RW          670    .bss                tracking.o
    0x00ab7d98   0x000003f0   Zero   RW          689    .bss                uart_ARRC.o
    0x00ab8188   0x00000030   Zero   RW         1771    .bss                RTX_CA9_L.lib(rt_List.o)
    0x00ab81b8   0x00000034   Zero   RW         1939    .bss                RTX_CA9_L.lib(rt_Task.o)
    0x00ab81ec   0x00000004   PAD
    0x00ab81f0   0x00000000   Zero   RW            3    HEAP                startup_VE_A9_MP.o
    0x00ab81f0   0x00000500   Zero   RW            2    STACK               startup_VE_A9_MP.o


    Execution Region TTB (Base: 0x00ab86f0, Size: 0x00004000, Max: 0x00004000, ABSOLUTE)

    Base Addr    Size         Type   Attr      Idx    E Section Name        Object

    0x00ab86f0   0x00004000   Zero   RW            1    TTB.bss             anon$$obj.o


==============================================================================

Image component sizes


      Code (inc. data)   RO Data    RW Data    ZI Data      Debug   Object Name

      3104         30          0          0          0       9261   DOP.o
       116         14         70         32      67004       8310   RTX_Conf_CM.o
       336         96         96         24          0      14590   RTX_ex2.o
      1024         38          0         76        112       2561   allocate.o
        28          0          0          0          0       1083   altera_avalon_uart_lwhal_putchar.o
      5856       1296       1001         17          0       4689   display.o
      2692         86         72          4       7488       5214   ekf_position.o
      1784        106          0          0       2590       4536   ephemeris.o
       880         42          8          0          0       6057   gic.o
        36          4          0          0          0        634   gpio1.o
      1556        144          0          6        448       3029   measure.o
      2120         58          0          0       3752       4083   message.o
      2236         62          0         40          0      12151   mmu_VE_A9_MP.o
     11100        368          0          8       5912      13319   position.o
       584         80          0          0       1824       2333   pseudorange.o
        60          6          0          0          0       1122   serial.o
       624         56          0          0       1280       1172   startup_VE_A9_MP.o
       848         88          0          4        324       8246   system_VE_A9_MP.o
       848        114          0          1         16       3481   time.o
      2620         10          0          0          0       8724   tiny_ekf.o
     11428        160          0          8    8003600       9542   tracking.o
       408         86        118          0       1008       1204   uart_ARRC.o
       108          6          0          4          0       2844   uart_putstring.o

    ----------------------------------------------------------------------
     50396       2950       1404        232    8111752     128185   Object Totals
         0          0         32          0      16384          0   (incl. Generated)
         0          0          7          8         10          0   (incl. Padding)

    ----------------------------------------------------------------------

      Code (inc. data)   RO Data    RW Data    ZI Data      Debug   Library Member Name

       204         16          0          8          0       3246   HAL_CA.o
      1128         28          0          0          0       1220   HAL_CA9.o
         8          8          0          0          0        248   SVC_Table.o
      1616        140          0          8          0      33112   rt_CMSIS.o
       352         20          0          0          0       2890   rt_Event.o
       638         34          0          0         48       8631   rt_List.o
       356          6          0          0          0       2657   rt_Mailbox.o
       154          0          0          0          0       2185   rt_MemBox.o
       176          0          0          0          0       2751   rt_Memory.o
       112         22          0         12          0       1334   rt_Robin.o
        60          4          0          0          0        629   rt_Semaphore.o
       596         88          0         10          0       4263   rt_System.o
      1300        170          0         12         52      10099   rt_Task.o
         0          0          0          4          0        250   rt_Time.o
       520         88         80          0          0        252   asin.o
       520        106        152          0          0        348   atan.o
       456         68          0          0          0        184   atan2.o
       180         22          0          0          0        156   cos.o
       216         40         48          0          0        164   cos_i.o
       116         60          0          0          0        696   dunder.o
        24          0          0          0          0        124   fabs.o
        48          0          0          0          0        124   fpclassify.o
       122          0          0          0          0        116   poly.o
      2248        296        136          0          0        304   pow.o
         0          0          8          0          0          0   qnan.o
       784        148        200          0          0        172   rred.o
       180         22          0          0          0        160   sin.o
       168         24         40          0          0        196   sin_i.o
       200          0          0          0          0        280   sqrt.o
        58          0          0          0          0          0   __dczerorl.o
         0          0          0          0          0          0   entry.o
         0          0          0          0          0          0   entry10a.o
         0          0          0          0          0          0   entry11a.o
         8          4          0          0          0          0   entry2.o
         4          0          0          0          0          0   entry5.o
         0          0          0          0          0          0   entry7b.o
         0          0          0          0          0          0   entry8b.o
        12          6          0          4          0         68   errno.o
        30          0          0          0          0          0   handlers.o
        40          0          0          0          0         80   idiv.o
        36          8          0          0          0         68   init.o
         0          0          0          0          0          0   iusefp.o
        30          0          0          0          0         68   llshl.o
        36          0          0          0          0         68   llsshr.o
        32          0          0          0          0         68   llushr.o
       188         20          0          0          0        160   malloc.o
        36          0          0          0          0         68   memcpya.o
        36          0          0          0          0        108   memseta.o
         0          0          0          8          0          0   mvars.o
      2294         90          0          0          0        660   printfa.o
        44          0          0          0          0         80   uidiv.o
        98          0          0          0          0         92   uldiv.o
        48          0          0          0          0         68   cdrcmple.o
       334          0          0          0          0        148   dadd.o
       222          0          0          0          0        100   ddiv.o
       186          0          0          0          0        176   depilogue.o
        48          0          0          0          0         68   dfixul.o
       228          0          0          0          0         96   dmul.o
        46          0          0          0          0         80   dscalb.o

    ----------------------------------------------------------------------
     16612       1542        664         68        104      79115   Library Totals
        36          4          0          2          4          0   (incl. Padding)

    ----------------------------------------------------------------------

      Code (inc. data)   RO Data    RW Data    ZI Data      Debug   Library Name

      6700        536          0         54        100      73515   RTX_CA9_L.lib
      5782        874        664          0          0       3276   m_2v.l
      2982        128          0         12          0       1588   mc_2.l
      1112          0          0          0          0        736   mf_2.l

    ----------------------------------------------------------------------
     16612       1542        664         68        104      79115   Library Totals

    ----------------------------------------------------------------------

==============================================================================


      Code (inc. data)   RO Data    RW Data    ZI Data      Debug   

     67008       4492       2068        300    8111856     193292   Grand Totals
     67008       4492       2068        108    8111856     193292   ELF Image Totals (compressed)
     67008       4492       2068        108          0          0   ROM Totals

==============================================================================

    Total RO  Size (Code + RO Data)                69076 (  67.46kB)
    Total RW  Size (RW Data + ZI Data)           8112156 (7922.03kB)
    Total ROM Size (Code + RO Data + RW Data)      69184 (  67.56kB)

==============================================================================

