Component: ARM Compiler 5.05 (build 41) Tool: armlink [4d0eb9]

==============================================================================

Section Cross References

    startup_VE_A9_MP.o(RESET) refers to startup_VE_A9_MP.o(.text) for Reset_Handler
    startup_VE_A9_MP.o(RESET) refers to HAL_CA9.o(.emb_text) for SVC_Handler
    startup_VE_A9_MP.o(.text) refers to mmu_VE_A9_MP.o(.text) for create_translation_table
    startup_VE_A9_MP.o(.text) refers to system_VE_A9_MP.o(.text) for CUndefHandler
    startup_VE_A9_MP.o(.text) refers to startup_VE_A9_MP.o(RESET) for __Vectors
    startup_VE_A9_MP.o(.text) refers to startup_VE_A9_MP.o(STACK) for Stack_Top
    startup_VE_A9_MP.o(.text) refers to entry.o(.ARM.Collect$$$$00000000) for __main
    startup_VE_A9_MP.o(.text) refers to HAL_CA.o(.data) for IRQNestLevel
    startup_VE_A9_MP.o(.text) refers to system_VE_A9_MP.o(.data) for IRQCount
    startup_VE_A9_MP.o(.text) refers to system_VE_A9_MP.o(.bss) for IRQTable
    DOP.o(.text) refers to sin.o(i.__hardfp_sin) for __hardfp_sin
    DOP.o(.text) refers to sqrt.o(i.__hardfp_sqrt) for __hardfp_sqrt
    DOP.o(.text) refers to cos.o(i.__hardfp_cos) for __hardfp_cos
    DOP.o(.text) refers to malloc.o(i.malloc) for malloc
    DOP.o(.text) refers to memseta.o(.text) for __aeabi_memclr4
    DOP.o(.text) refers to position.o(.bss) for receiver_llh
    DOP.o(.text) refers to pow.o(i.__hardfp_pow) for __hardfp_pow
    DOP.o(.text) refers to memcpya.o(.text) for __aeabi_memcpy4
    DOP.o(.text) refers to malloc.o(i.free) for free
    RTX_Conf_CM.o(.ARM.Collect$$$$000000FF) refers to rt_CMSIS.o(i.osKernelInitialize) for osKernelInitialize
    RTX_Conf_CM.o(.ARM.Collect$$$$000000FF) refers to rt_CMSIS.o(i.osThreadCreate) for osThreadCreate
    RTX_Conf_CM.o(.ARM.Collect$$$$000000FF) refers to rt_CMSIS.o(i.osKernelStart) for osKernelStart
    RTX_Conf_CM.o(.ARM.Collect$$$$000000FF) refers to RTX_Conf_CM.o(.data) for .data
    RTX_Conf_CM.o(.constdata) refers to RTX_Conf_CM.o(.bss) for os_messageQ_q_osTimerMessageQ
    RTX_Conf_CM.o(.data) refers to system_VE_A9_MP.o(.text) for main
    RTX_ex2.o(.text) refers to rt_CMSIS.o(i.osThreadCreate) for osThreadCreate
    RTX_ex2.o(.text) refers to allocate.o(.text) for initialize_allocation
    RTX_ex2.o(.text) refers to gic.o(.text) for GIC_EnableIRQ
    RTX_ex2.o(.text) refers to RTX_ex2.o(.constdata) for os_thread_def_allocate_thread
    RTX_ex2.o(.text) refers to RTX_ex2.o(.data) for allocate_thread_id
    RTX_ex2.o(.constdata) refers to allocate.o(.text) for allocate_thread
    RTX_ex2.o(.constdata) refers to display.o(.text) for display_thread
    RTX_ex2.o(.constdata) refers to message.o(.text) for message_thread
    RTX_ex2.o(.constdata) refers to measure.o(.text) for measure_thread
    RTX_ex2.o(.constdata) refers to ekf_position.o(.text) for ekf_position_thread
    RTX_ex2.o(.constdata) refers to uart_NMEA.o(.text) for uart_thread
    allocate.o(.text) refers to time.o(.text) for get_clock_state
    allocate.o(.text) refers to message.o(.text) for clear_messages
    allocate.o(.text) refers to ephemeris.o(.text) for clear_ephemeris
    allocate.o(.text) refers to rt_CMSIS.o(i.osSignalWait) for osSignalWait
    allocate.o(.text) refers to allocate.o(.bss) for last_lock
    allocate.o(.text) refers to tracking.o(.bss) for CH
    allocate.o(.text) refers to allocate.o(.data) for PrnCode
    alt_16550_uart.o(.text) refers to uidiv.o(.text) for __aeabi_uidivmod
    alt_16550_uart.o(.text) refers to alt_clock_manager.o(.text) for alt_clk_is_enabled
    alt_clock_manager.o(.text) refers to alt_clock_manager.o(.data) for alt_ext_clk_paramblok
    alt_clock_manager.o(.text) refers to uidiv.o(.text) for __aeabi_uidivmod
    alt_clock_manager.o(.text) refers to uldiv.o(.text) for __aeabi_uldivmod
    alt_clock_manager.o(.text) refers to printfa.o(i.__0snprintf) for __2snprintf
    display.o(.text) refers to serial.o(.text) for SER_PutString
    display.o(.text) refers to memcpya.o(.text) for __aeabi_memcpy4
    display.o(.text) refers to time.o(.text) for get_time
    display.o(.text) refers to printfa.o(i.__0sprintf) for __2sprintf
    display.o(.text) refers to position.o(.bss) for receiver_llh
    display.o(.text) refers to position.o(.data) for positioning
    display.o(.text) refers to measure.o(.bss) for receiver_DOP
    display.o(.text) refers to display.o(.data) for was_positioning
    display.o(.text) refers to tracking.o(.bss) for CH
    display.o(.text) refers to pseudorange.o(.bss) for pr
    display.o(.text) refers to ephemeris.o(.bss) for ephemeris
    display.o(.text) refers to display.o(.conststring) for .conststring
    display.o(.text) refers to message.o(.bss) for messages
    display.o(.text) refers to rt_CMSIS.o(i.osSignalWait) for osSignalWait
    display.o(.text) refers to ekf_position.o(.bss) for ekf_pos
    ekf_position.o(.text) refers to memcpya.o(.text) for __aeabi_memcpy4
    ekf_position.o(.text) refers to memseta.o(.text) for __aeabi_memclr4
[...]
    .text                                    0x0000cb32   Section        0  __dczerorl.o(.text)
    SVC_TABLE                                0x0000cb6c   Section        8  SVC_Table.o(SVC_TABLE)
    i.__0sprintf                             0x0000cb74   Section        0  printfa.o(i.__0sprintf)
    i.__0vsnprintf                           0x0000cb9c   Section        0  printfa.o(i.__0vsnprintf)
    i.__ARM_fpclassify                       0x0000cbc0   Section        0  fpclassify.o(i.__ARM_fpclassify)
    i.__exceptional_mode                     0x0000cbf0   Section        0  rt_CMSIS.o(i.__exceptional_mode)
    __exceptional_mode                       0x0000cbf1   Thumb Code    44  rt_CMSIS.o(i.__exceptional_mode)
    i.__get_mode                             0x0000cc20   Section        0  rt_CMSIS.o(i.__get_mode)
    __get_mode                               0x0000cc21   Thumb Code    12  rt_CMSIS.o(i.__get_mode)
    i.__hardfp_acos                          0x0000cc30   Section        0  acos.o(i.__hardfp_acos)
    i.__hardfp_asin                          0x0000ce48   Section        0  asin.o(i.__hardfp_asin)
    i.__hardfp_atan                          0x0000d050   Section        0  atan.o(i.__hardfp_atan)
    i.__hardfp_atan2                         0x0000d248   Section        0  atan2.o(i.__hardfp_atan2)
    i.__hardfp_cos                           0x0000d410   Section        0  cos.o(i.__hardfp_cos)
    i.__hardfp_pow                           0x0000d4c8   Section        0  pow.o(i.__hardfp_pow)
    i.__hardfp_sin                           0x0000dd90   Section        0  sin.o(i.__hardfp_sin)
    i.__hardfp_sqrt                          0x0000de44   Section        0  sqrt.o(i.__hardfp_sqrt)
    i.__ieee754_rem_pio2                     0x0000dea8   Section        0  rred.o(i.__ieee754_rem_pio2)
    i.__kernel_cos                           0x0000e1b8   Section        0  cos_i.o(i.__kernel_cos)
    i.__kernel_poly                          0x0000e290   Section        0  poly.o(i.__kernel_poly)
    i.__kernel_sin                           0x0000e310   Section        0  sin_i.o(i.__kernel_sin)
    i.__mathlib_dbl_divzero                  0x0000e3b8   Section        0  dunder.o(i.__mathlib_dbl_divzero)
    i.__mathlib_dbl_infnan                   0x0000e3d8   Section        0  dunder.o(i.__mathlib_dbl_infnan)
    i.__mathlib_dbl_infnan2                  0x0000e3de   Section        0  dunder.o(i.__mathlib_dbl_infnan2)
    i.__mathlib_dbl_invalid                  0x0000e3e8   Section        0  dunder.o(i.__mathlib_dbl_invalid)
    i.__mathlib_dbl_overflow                 0x0000e400   Section        0  dunder.o(i.__mathlib_dbl_overflow)
    i.__mathlib_dbl_underflow                0x0000e418   Section        0  dunder.o(i.__mathlib_dbl_underflow)
    i.__scatterload_copy                     0x0000e430   Section       14  handlers.o(i.__scatterload_copy)
    i.__scatterload_null                     0x0000e43e   Section        2  handlers.o(i.__scatterload_null)
    i.__scatterload_zeroinit                 0x0000e440   Section       14  handlers.o(i.__scatterload_zeroinit)
    i.__set_errno                            0x0000e450   Section        0  errno.o(i.__set_errno)
    i._fp_digits                             0x0000e45c   Section        0  printfa.o(i._fp_digits)
    _fp_digits                               0x0000e45d   Thumb Code   336  printfa.o(i._fp_digits)
    i._init_box                              0x0000e5c0   Section        0  rt_MemBox.o(i._init_box)
    i._printf_core                           0x0000e618   Section        0  printfa.o(i._printf_core)
    _printf_core                             0x0000e619   Thumb Code  1734  printfa.o(i._printf_core)
    i._printf_post_padding                   0x0000ecec   Section        0  printfa.o(i._printf_post_padding)
    _printf_post_padding                     0x0000eced   Thumb Code    36  printfa.o(i._printf_post_padding)
    i._printf_pre_padding                    0x0000ed10   Section        0  printfa.o(i._printf_pre_padding)
    _printf_pre_padding                      0x0000ed11   Thumb Code    46  printfa.o(i._printf_pre_padding)
    i._snputc                                0x0000ed3e   Section        0  printfa.o(i._snputc)
    _snputc                                  0x0000ed3f   Thumb Code    22  printfa.o(i._snputc)
    i._sputc                                 0x0000ed54   Section        0  printfa.o(i._sputc)
    _sputc                                   0x0000ed55   Thumb Code    10  printfa.o(i._sputc)
    i.atan                                   0x0000ed5e   Section        0  atan.o(i.atan)
    i.fabs                                   0x0000ed6e   Section        0  fabs.o(i.fabs)
    i.free                                   0x0000ed88   Section        0  malloc.o(i.free)
    i.isrMessagePut                          0x0000edd8   Section        0  rt_CMSIS.o(i.isrMessagePut)
    isrMessagePut                            0x0000edd9   Thumb Code    50  rt_CMSIS.o(i.isrMessagePut)
    i.isr_evt_set                            0x0000ee0c   Section        0  rt_Event.o(i.isr_evt_set)
    i.isr_mbx_send                           0x0000ee34   Section        0  rt_Mailbox.o(i.isr_mbx_send)
    i.malloc                                 0x0000ee4c   Section        0  malloc.o(i.malloc)
    i.osKernelInitialize                     0x0000eeb8   Section        0  rt_CMSIS.o(i.osKernelInitialize)
    i.osKernelStart                          0x0000eee4   Section        0  rt_CMSIS.o(i.osKernelStart)
    i.osSignalSet                            0x0000ef30   Section        0  rt_CMSIS.o(i.osSignalSet)
    i.osSignalWait                           0x0000ef84   Section        0  rt_CMSIS.o(i.osSignalWait)
    i.osThreadCreate                         0x0000efb8   Section        0  rt_CMSIS.o(i.osThreadCreate)
    i.osThreadExit                           0x0000eff8   Section        0  rt_CMSIS.o(i.osThreadExit)
    i.rt_alloc_box                           0x0000f018   Section        0  rt_MemBox.o(i.rt_alloc_box)
    i.rt_alloc_mem                           0x0000f036   Section        0  rt_Memory.o(i.rt_alloc_mem)
    i.rt_block                               0x0000f08c   Section        0  rt_Task.o(i.rt_block)
    i.rt_chk_robin                           0x0000f0c4   Section        0  rt_Robin.o(i.rt_chk_robin)
    i.rt_dec_dly                             0x0000f11c   Section        0  rt_List.o(i.rt_dec_dly)
    i.rt_dispatch                            0x0000f1ac   Section        0  rt_Task.o(i.rt_dispatch)
    i.rt_evt_psh                             0x0000f1fc   Section        0  rt_Event.o(i.rt_evt_psh)
    i.rt_evt_set                             0x0000f258   Section        0  rt_Event.o(i.rt_evt_set)
    i.rt_evt_wait                            0x0000f2c0   Section        0  rt_Event.o(i.rt_evt_wait)
    i.rt_free_box                            0x0000f334   Section        0  rt_MemBox.o(i.rt_free_box)
    i.rt_free_mem                            0x0000f358   Section        0  rt_Memory.o(i.rt_free_mem)
    i.rt_get_TID                             0x0000f390   Section        0  rt_Task.o(i.rt_get_TID)
    rt_get_TID                               0x0000f391   Thumb Code    32  rt_Task.o(i.rt_get_TID)
    i.rt_get_first                           0x0000f3b8   Section        0  rt_List.o(i.rt_get_first)
    i.rt_init_context                        0x0000f3ec   Section        0  rt_Task.o(i.rt_init_context)
    rt_init_context                          0x0000f3ed   Thumb Code    68  rt_Task.o(i.rt_init_context)
    i.rt_init_mem                            0x0000f434   Section        0  rt_Memory.o(i.rt_init_mem)
    i.rt_init_robin                          0x0000f458   Section        0  rt_Robin.o(i.rt_init_robin)
    i.rt_init_stack                          0x0000f470   Section        0  HAL_CA.o(i.rt_init_stack)
    i.rt_mbx_check                           0x0000f4f8   Section        0  rt_Mailbox.o(i.rt_mbx_check)
    i.rt_mbx_init                            0x0000f504   Section        0  rt_Mailbox.o(i.rt_mbx_init)
    i.rt_mbx_psh                             0x0000f528   Section        0  rt_Mailbox.o(i.rt_mbx_psh)
    i.rt_ms2tick                             0x0000f648   Section        0  rt_CMSIS.o(i.rt_ms2tick)
    rt_ms2tick                               0x0000f649   Thumb Code    64  rt_CMSIS.o(i.rt_ms2tick)
    i.rt_pop_req                             0x0000f690   Section        0  rt_System.o(i.rt_pop_req)
    i.rt_psh_req                             0x0000f738   Section        0  rt_System.o(i.rt_psh_req)
    i.rt_psq_enq                             0x0000f760   Section        0  rt_List.o(i.rt_psq_enq)
    i.rt_put_dly                             0x0000f7dc   Section        0  rt_List.o(i.rt_put_dly)
    i.rt_put_prio                            0x0000f838   Section        0  rt_List.o(i.rt_put_prio)
    i.rt_put_rdy_first                       0x0000f878   Section        0  rt_List.o(i.rt_put_rdy_first)
    i.rt_resort_prio                         0x0000f88c   Section        0  rt_List.o(i.rt_resort_prio)
    i.rt_ret_regs                            0x0000f8c0   Section        0  HAL_CA.o(i.rt_ret_regs)
    rt_ret_regs                              0x0000f8c1   Thumb Code    24  HAL_CA.o(i.rt_ret_regs)
    i.rt_ret_val                             0x0000f8d8   Section        0  HAL_CA.o(i.rt_ret_val)
    i.rt_ret_val2                            0x0000f8ea   Section        0  HAL_CA.o(i.rt_ret_val2)
    i.rt_rmv_dly                             0x0000f904   Section        0  rt_List.o(i.rt_rmv_dly)
    i.rt_rmv_list                            0x0000f92c   Section        0  rt_List.o(i.rt_rmv_list)
    i.rt_sem_psh                             0x0000f960   Section        0  rt_Semaphore.o(i.rt_sem_psh)
    i.rt_stk_check                           0x0000f99c   Section        0  rt_System.o(i.rt_stk_check)
    i.rt_switch_req                          0x0000f9cc   Section        0  rt_Task.o(i.rt_switch_req)
    i.rt_sys_init                            0x0000f9dc   Section        0  rt_Task.o(i.rt_sys_init)
    i.rt_sys_start                           0x0000fad4   Section        0  rt_Task.o(i.rt_sys_start)
    i.rt_systick                             0x0000fb54   Section        0  rt_System.o(i.rt_systick)
    i.rt_tid2ptcb                            0x0000fb98   Section        0  rt_CMSIS.o(i.rt_tid2ptcb)
    rt_tid2ptcb                              0x0000fb99   Thumb Code    32  rt_CMSIS.o(i.rt_tid2ptcb)
    i.rt_timer_insert                        0x0000fbb8   Section        0  rt_CMSIS.o(i.rt_timer_insert)
    rt_timer_insert                          0x0000fbb9   Thumb Code    60  rt_CMSIS.o(i.rt_timer_insert)
    i.rt_tsk_create                          0x0000fbf8   Section        0  rt_Task.o(i.rt_tsk_create)
    i.rt_tsk_delete                          0x0000fc54   Section        0  rt_Task.o(i.rt_tsk_delete)
    i.rt_tsk_lock                            0x0000fdd8   Section        0  rt_System.o(i.rt_tsk_lock)
    i.rt_tsk_prio                            0x0000fe6c   Section        0  rt_Task.o(i.rt_tsk_prio)
    i.rt_tsk_self                            0x0000ff08   Section        0  rt_Task.o(i.rt_tsk_self)
    i.rt_tsk_unlock                          0x0000ff20   Section        0  rt_System.o(i.rt_tsk_unlock)
    i.sqrt                                   0x0000ff9c   Section        0  sqrt.o(i.sqrt)
    i.svcKernelInitialize                    0x00010004   Section        0  rt_CMSIS.o(i.svcKernelInitialize)
    i.svcKernelStart                         0x00010090   Section        0  rt_CMSIS.o(i.svcKernelStart)
    i.svcMessageCreate                       0x000100e0   Section        0  rt_CMSIS.o(i.svcMessageCreate)
    i.svcSignalSet                           0x0001011c   Section        0  rt_CMSIS.o(i.svcSignalSet)
    i.svcSignalWait                          0x00010150   Section        0  rt_CMSIS.o(i.svcSignalWait)
    i.svcThreadCreate                        0x000101c8   Section        0  rt_CMSIS.o(i.svcThreadCreate)
    i.svcThreadGetId                         0x0001025c   Section        0  rt_CMSIS.o(i.svcThreadGetId)
    i.svcThreadTerminate                     0x00010278   Section        0  rt_CMSIS.o(i.svcThreadTerminate)
    i.sysThreadError                         0x000102bc   Section        0  rt_CMSIS.o(i.sysThreadError)
    sysThreadError                           0x000102bd   Thumb Code     2  rt_CMSIS.o(i.sysThreadError)
    i.sysTimerTick                           0x000102c0   Section        0  rt_CMSIS.o(i.sysTimerTick)
    .constdata                               0x00010310   Section       70  RTX_Conf_CM.o(.constdata)
    __tagsym$$used                           0x0001032c   Number         0  RTX_Conf_CM.o(.constdata)
    __tagsym$$used                           0x00010330   Number         0  RTX_Conf_CM.o(.constdata)
    __tagsym$$used                           0x00010334   Number         0  RTX_Conf_CM.o(.constdata)
    __tagsym$$used                           0x00010338   Number         0  RTX_Conf_CM.o(.constdata)
    .constdata                               0x00010358   Section       96  RTX_ex2.o(.constdata)
    .constdata                               0x000103b8   Section       72  ekf_position.o(.constdata)
    .constdata                               0x00010400   Section        8  gic.o(.constdata)
    .constdata                               0x00010408   Section       80  acos.o(.constdata)
    pS                                       0x00010408   Data          48  acos.o(.constdata)
    qS                                       0x00010438   Data          32  acos.o(.constdata)
    .constdata                               0x00010458   Section       80  asin.o(.constdata)
    pS                                       0x00010458   Data          48  asin.o(.constdata)
    qS                                       0x00010488   Data          32  asin.o(.constdata)
    .constdata                               0x000104a8   Section      152  atan.o(.constdata)
    atanhi                                   0x000104a8   Data          32  atan.o(.constdata)
    atanlo                                   0x000104c8   Data          32  atan.o(.constdata)
    aTodd                                    0x000104e8   Data          40  atan.o(.constdata)
    aTeven                                   0x00010510   Data          48  atan.o(.constdata)
    .constdata                               0x00010540   Section      136  pow.o(.constdata)
    bp                                       0x00010540   Data          16  pow.o(.constdata)
    dp_h                                     0x00010550   Data          16  pow.o(.constdata)
    dp_l                                     0x00010560   Data          16  pow.o(.constdata)
    L                                        0x00010570   Data          48  pow.o(.constdata)
    P                                        0x000105a0   Data          40  pow.o(.constdata)
    .constdata                               0x000105c8   Section       48  cos_i.o(.constdata)
    C                                        0x000105c8   Data          48  cos_i.o(.constdata)
    .constdata                               0x000105f8   Section        8  qnan.o(.constdata)
    .constdata                               0x00010600   Section      200  rred.o(.constdata)
    pio2s                                    0x00010600   Data          48  rred.o(.constdata)
    twooverpi                                0x00010630   Data         152  rred.o(.constdata)
    .constdata                               0x000106c8   Section       40  sin_i.o(.constdata)
    S                                        0x000106c8   Data          40  sin_i.o(.constdata)
    .conststring                             0x000106f0   Section      856  display.o(.conststring)
    .conststring                             0x00010a48   Section      152  uart_NMEA.o(.conststring)
    .data                                    0x00200000   Section       32  RTX_Conf_CM.o(.data)
    .data                                    0x00200020   Section       24  RTX_ex2.o(.data)
    .data                                    0x00200038   Section       76  allocate.o(.data)
    PrnCode                                  0x00200038   Data          74  allocate.o(.data)
    next_satellite                           0x00200082   Data           2  allocate.o(.data)
    .data                                    0x00200084   Section       17  display.o(.data)
    ephemeris_mode                           0x00200086   Data           2  display.o(.data)
    was_positioning                          0x00200088   Data           2  display.o(.data)
    count                                    0x0020008c   Data           4  display.o(.data)
    count                                    0x00200090   Data           4  display.o(.data)
    c                                        0x00200094   Data           1  display.o(.data)
    .data                                    0x00200098   Section        4  ekf_position.o(.data)
    ekf_position_init                        0x00200098   Data           4  ekf_position.o(.data)
    .data                                    0x0020009c   Section        6  measure.o(.data)
    prev_channels                            0x002000a0   Data           2  measure.o(.data)
    .data                                    0x002000a4   Section       40  mmu_VE_A9_MP.o(.data)
    Sect_Normal                              0x002000a4   Data           4  mmu_VE_A9_MP.o(.data)
    Sect_Normal_Cod                          0x002000a8   Data           4  mmu_VE_A9_MP.o(.data)
    Sect_Normal_RO                           0x002000ac   Data           4  mmu_VE_A9_MP.o(.data)
    Sect_Normal_RW                           0x002000b0   Data           4  mmu_VE_A9_MP.o(.data)
    Sect_Device_RO                           0x002000b4   Data           4  mmu_VE_A9_MP.o(.data)
    Sect_Device_RW                           0x002000b8   Data           4  mmu_VE_A9_MP.o(.data)
    Page_L1_4k                               0x002000bc   Data           4  mmu_VE_A9_MP.o(.data)
    Page_L1_64k                              0x002000c0   Data           4  mmu_VE_A9_MP.o(.data)
    Page_4k_Device_RW                        0x002000c4   Data           4  mmu_VE_A9_MP.o(.data)
    Page_64k_Device_RW                       0x002000c8   Data           4  mmu_VE_A9_MP.o(.data)
    .data                                    0x002000cc   Section        8  position.o(.data)
    index                                    0x002000d0   Data           4  position.o(.data)
    .data                                    0x002000d4   Section        4  system_VE_A9_MP.o(.data)
    .data                                    0x002000d8   Section        1  time.o(.data)
    clock_state                              0x002000d8   Data           1  time.o(.data)
    .data                                    0x002000dc   Section        8  tracking.o(.data)
    .data                                    0x002000e4   Section        4  uart_putstring.o(.data)
    .data                                    0x002000e8   Section        8  rt_CMSIS.o(.data)
    .data                                    0x002000f0   Section        8  HAL_CA.o(.data)
    priority                                 0x002000f0   Data           1  HAL_CA.o(.data)
    .data                                    0x002000f8   Section       10  rt_System.o(.data)
    priority                                 0x002000f8   Data           1  rt_System.o(.data)
    os_lock                                  0x00200100   Data           1  rt_System.o(.data)
    os_psh_flag                              0x00200101   Data           1  rt_System.o(.data)
    .data                                    0x00200104   Section        4  rt_Time.o(.data)
    .data                                    0x00200108   Section       12  rt_Task.o(.data)
    priority                                 0x00200108   Data           1  rt_Task.o(.data)
    .data                                    0x00200114   Section       12  rt_Robin.o(.data)
    priority                                 0x00200114   Data           1  rt_Robin.o(.data)
    .data                                    0x00200120   Section        4  mvars.o(.data)
    .data                                    0x00200124   Section        4  mvars.o(.data)
    .data                                    0x00200128   Section        4  errno.o(.data)
    _errno                                   0x00200128   Data           4  errno.o(.data)
    .bss                                     0x00300000   Section    67004  RTX_Conf_CM.o(.bss)
    .bss                                     0x003105c0   Section       96  allocate.o(.bss)
    last_lock                                0x003105c0   Data          96  allocate.o(.bss)
    .bss                                     0x00310620   Section     7488  ekf_position.o(.bss)
    .bss                                     0x00312360   Section     2220  ephemeris.o(.bss)
    .bss                                     0x00312c10   Section      392  measure.o(.bss)
    .bss                                     0x00312d98   Section     3216  message.o(.bss)
    .bss                                     0x00313a28   Section     5448  position.o(.bss)
    .bss                                     0x00314f70   Section     1568  pseudorange.o(.bss)
    .bss                                     0x00315590   Section      324  system_VE_A9_MP.o(.bss)
    .bss                                     0x003156d8   Section       16  time.o(.bss)
    time                                     0x003156d8   Data          16  time.o(.bss)
    .bss                                     0x003156e8   Section    8002816  tracking.o(.bss)
    .bss                                     0x00ab73e8   Section     2016  uart_NMEA.o(.bss)
    .bss                                     0x00ab7bc8   Section       48  rt_List.o(.bss)
    .bss                                     0x00ab7bf8   Section       52  rt_Task.o(.bss)
    HEAP                                     0x00ab7c30   Section        0  startup_VE_A9_MP.o(HEAP)
    STACK                                    0x00ab7c30   Section     1280  startup_VE_A9_MP.o(STACK)
    Stack_Top                                0x00ab8130   Data           0  startup_VE_A9_MP.o(STACK)

    Global Symbols

    Symbol Name                              Value     Ov Type        Size  Object(Section)

    BuildAttributes$$THM_ISAv4$ARM_ISAv7$X$E$P$J$Z$N$K$B$S$VFPv3$PE$PLD4$MPE$A:L22UL41UL21$X:L11$S22US41US21$IEEE1$IW$USESV6$~STKCKD$USESV7$~SHL$OTIME$ROPI$IEEEX$EBA8$MICROLIB$THUMB2LIB$REQ8$PRES8$EABIv2 0x00000000   Number         0  anon$$obj.o ABSOLUTE
    Image$$VECTORS$$Base                     0x00000000   Number         0  anon$$obj.o ABSOLUTE
    __ARM_use_no_argv                        0x00000000   Number         0  RTX_ex2.o ABSOLUTE
    __Vectors                                0x00000000   ARM Code       4  startup_VE_A9_MP.o(RESET)
    _printf_a                                0x00000000   Number         0  stubs.o ABSOLUTE
    _printf_c                                0x00000000   Number         0  stubs.o ABSOLUTE
    _printf_charcount                        0x00000000   Number         0  stubs.o ABSOLUTE
    _printf_d                                0x00000000   Number         0  stubs.o ABSOLUTE
    _printf_e                                0x00000000   Number         0  stubs.o ABSOLUTE
    _printf_f                                0x00000000   Number         0  stubs.o ABSOLUTE
    _printf_flags                            0x00000000   Number         0  stubs.o ABSOLUTE
    _printf_fp_dec                           0x00000000   Number         0  stubs.o ABSOLUTE
    _printf_fp_hex                           0x00000000   Number         0  stubs.o ABSOLUTE
    _printf_g                                0x00000000   Number         0  stubs.o ABSOLUTE
    _printf_i                                0x00000000   Number         0  stubs.o ABSOLUTE
    _printf_int_dec                          0x00000000   Number         0  stubs.o ABSOLUTE
    _printf_l                                0x00000000   Number         0  stubs.o ABSOLUTE
    _printf_lc                               0x00000000   Number         0  stubs.o ABSOLUTE
    _printf_ll                               0x00000000   Number         0  stubs.o ABSOLUTE
    _printf_lld                              0x00000000   Number         0  stubs.o ABSOLUTE
    _printf_lli                              0x00000000   Number         0  stubs.o ABSOLUTE
    _printf_llo                              0x00000000   Number         0  stubs.o ABSOLUTE
    _printf_llu                              0x00000000   Number         0  stubs.o ABSOLUTE
    _printf_llx                              0x00000000   Number         0  stubs.o ABSOLUTE
    _printf_longlong_dec                     0x00000000   Number         0  stubs.o ABSOLUTE
    _printf_longlong_hex                     0x00000000   Number         0  stubs.o ABSOLUTE
    _printf_longlong_oct                     0x00000000   Number         0  stubs.o ABSOLUTE
    _printf_ls                               0x00000000   Number         0  stubs.o ABSOLUTE
    _printf_mbtowc                           0x00000000   Number         0  stubs.o ABSOLUTE
    _printf_n                                0x00000000   Number         0  stubs.o ABSOLUTE
    _printf_o                                0x00000000   Number         0  stubs.o ABSOLUTE
    _printf_p                                0x00000000   Number         0  stubs.o ABSOLUTE
    _printf_percent                          0x00000000   Number         0  stubs.o ABSOLUTE
    _printf_pre_padding                      0x00000000   Number         0  stubs.o ABSOLUTE
    _printf_return_value                     0x00000000   Number         0  stubs.o ABSOLUTE
    _printf_s                                0x00000000   Number         0  stubs.o ABSOLUTE
    _printf_sizespec                         0x00000000   Number         0  stubs.o ABSOLUTE
    _printf_str                              0x00000000   Number         0  stubs.o ABSOLUTE
    _printf_truncate_signed                  0x00000000   Number         0  stubs.o ABSOLUTE
    _printf_truncate_unsigned                0x00000000   Number         0  stubs.o ABSOLUTE
    _printf_u                                0x00000000   Number         0  stubs.o ABSOLUTE
    _printf_wc                               0x00000000   Number         0  stubs.o ABSOLUTE
    _printf_wctomb                           0x00000000   Number         0  stubs.o ABSOLUTE
    _printf_widthprec                        0x00000000   Number         0  stubs.o ABSOLUTE
    _printf_x                                0x00000000   Number         0  stubs.o ABSOLUTE
    __cpp_initialize__aeabi_                  - Undefined Weak Reference
    __cxa_finalize                            - Undefined Weak Reference
    _clock_init                               - Undefined Weak Reference
    _microlib_exit                            - Undefined Weak Reference
    __Vectors_End                            0x00000020   Data           0  startup_VE_A9_MP.o(RESET)
    __Vectors_Size                           0x00000020   Number         0  startup_VE_A9_MP.o ABSOLUTE
    __main                                   0x0000003c   ARM Code       0  entry.o(.ARM.Collect$$$$00000000)
    _main_stk                                0x0000003c   ARM Code       0  entry2.o(.ARM.Collect$$$$00000001)
    _main_scatterload                        0x00000040   ARM Code       0  entry5.o(.ARM.Collect$$$$00000004)
    __main_after_scatterload                 0x00000044   ARM Code       0  entry5.o(.ARM.Collect$$$$00000004)
    __rt_final_cpp                           0x00000044   ARM Code       0  entry10a.o(.ARM.Collect$$$$0000000D)
    __rt_final_exit                          0x00000044   ARM Code       0  entry11a.o(.ARM.Collect$$$$0000000F)
    _main_clock                              0x00000044   ARM Code       0  entry7b.o(.ARM.Collect$$$$00000008)
    _main_cpp_init                           0x00000044   ARM Code       0  entry8b.o(.ARM.Collect$$$$0000000A)
    _main_init                               0x00000044   ARM Code      24  RTX_Conf_CM.o(.ARM.Collect$$$$000000FF)
    __asm___17_system_VE_A9_MP_c___SVC_1____set_PSP 0x00000064   ARM Code      28  system_VE_A9_MP.o(.emb_text)
    __asm___17_system_VE_A9_MP_c___SVC_1____set_CPS_USR 0x00000080   ARM Code       8  system_VE_A9_MP.o(.emb_text)
    __asm___17_system_VE_A9_MP_c___SVC_1____v7_all_cache 0x00000088   ARM Code     172  system_VE_A9_MP.o(.emb_text)
    FPUEnable                                0x00000134   ARM Code     116  system_VE_A9_MP.o(.emb_text)
    __asm___10_rt_CMSIS_c_8216d75d____set_PSP 0x000001ac   ARM Code      28  rt_CMSIS.o(.emb_text)
    __asm___10_rt_CMSIS_c_8216d75d____set_CPS_USR 0x000001c8   ARM Code       8  rt_CMSIS.o(.emb_text)
    __asm___10_rt_CMSIS_c_8216d75d____v7_all_cache 0x000001d0   ARM Code     172  rt_CMSIS.o(.emb_text)
    __asm___9_HAL_CA9_c_bcbb3217____set_PSP  0x0000027c   ARM Code      28  HAL_CA9.o(.emb_text)
    __asm___9_HAL_CA9_c_bcbb3217____set_CPS_USR 0x00000298   ARM Code       8  HAL_CA9.o(.emb_text)
    __asm___9_HAL_CA9_c_bcbb3217____v7_all_cache 0x000002a0   ARM Code     172  HAL_CA9.o(.emb_text)
    rt_set_PSP                               0x0000034c   ARM Code      28  HAL_CA9.o(.emb_text)
    rt_get_PSP                               0x00000368   ARM Code      28  HAL_CA9.o(.emb_text)
    _alloc_box                               0x00000384   ARM Code      24  HAL_CA9.o(.emb_text)
    _free_box                                0x000003a0   ARM Code      24  HAL_CA9.o(.emb_text)
    SVC_Handler                              0x000003bc   ARM Code     632  HAL_CA9.o(.emb_text)
    __RL_RTX_VER                             0x00000473   Number         0  rt_System.o ABSOLUTE
    PendSV_Handler                           0x00000640   ARM Code      76  HAL_CA9.o(.emb_text)
    OS_Tick_Handler                          0x00000694   ARM Code      80  HAL_CA9.o(.emb_text)
    Reset_Handler                            0x000006e4   ARM Code     144  startup_VE_A9_MP.o(.text)
    Undef_Handler                            0x00000774   ARM Code     116  startup_VE_A9_MP.o(.text)
    PAbt_Handler                             0x000007e8   ARM Code      56  startup_VE_A9_MP.o(.text)
    DAbt_Handler                             0x00000820   ARM Code      60  startup_VE_A9_MP.o(.text)
    FIQ_Handler                              0x0000085c   ARM Code       4  startup_VE_A9_MP.o(.text)
    IRQ_Handler                              0x00000864   ARM Code     152  startup_VE_A9_MP.o(.text)
    CALCULATE_DOP                            0x00000919   Thumb Code  3104  DOP.o(.text)
    os_idle_demon                            0x00001539   Thumb Code     4  RTX_Conf_CM.o(.text)
    os_tick_init                             0x0000153d   Thumb Code    26  RTX_Conf_CM.o(.text)
    os_tick_val                              0x00001557   Thumb Code     8  RTX_Conf_CM.o(.text)
    os_tick_ovf                              0x0000155f   Thumb Code     4  RTX_Conf_CM.o(.text)
    os_tick_irqack                           0x00001563   Thumb Code    10  RTX_Conf_CM.o(.text)
    os_error                                 0x0000156d   Thumb Code    26  RTX_Conf_CM.o(.text)
    serialInterface                          0x00001591   Thumb Code    90  RTX_ex2.o(.text)
    $Super$$main                             0x000015eb   Thumb Code   150  RTX_ex2.o(.text)
    channel_locked                           0x000016e1   Thumb Code    28  allocate.o(.text)
    cold_allocate_channel                    0x00001987   Thumb Code    98  allocate.o(.text)
    initialize_allocation                    0x000019e9   Thumb Code    60  allocate.o(.text)
    allocate_thread                          0x00001a25   Thumb Code   164  allocate.o(.text)
    altera_avalon_uart_lwhal_putchar         0x00001aed   Thumb Code    28  altera_avalon_uart_lwhal_putchar.o(.text)
    log_ephemeris                            0x000026af   Thumb Code   722  display.o(.text)
    display_thread                           0x00002f29   Thumb Code   456  display.o(.text)
    ekf_position_thread                      0x000038cf   Thumb Code   640  ekf_position.o(.text)
    clear_ephemeris                          0x00003b81   Thumb Code    46  ephemeris.o(.text)
    process_subframe1                        0x00003baf   Thumb Code   494  ephemeris.o(.text)
    process_subframe2                        0x00003d9d   Thumb Code   622  ephemeris.o(.text)
    process_subframe3                        0x0000400b   Thumb Code   528  ephemeris.o(.text)
    process_subframe4                        0x0000421b   Thumb Code    38  ephemeris.o(.text)
    process_subframe5                        0x00004241   Thumb Code    38  ephemeris.o(.text)
    GIC_EnableDistributor                    0x00004279   Thumb Code    14  gic.o(.text)
    GIC_DisableDistributor                   0x00004287   Thumb Code    14  gic.o(.text)
    GIC_DistributorInfo                      0x00004295   Thumb Code     6  gic.o(.text)
    GIC_DistributorImplementer               0x0000429b   Thumb Code     6  gic.o(.text)
    GIC_SetTarget                            0x000042a1   Thumb Code    42  gic.o(.text)
    GIC_SetICDICFR                           0x000042cb   Thumb Code    38  gic.o(.text)
    GIC_GetTarget                            0x000042f1   Thumb Code    42  gic.o(.text)
    GIC_EnableInterface                      0x0000431b   Thumb Code    16  gic.o(.text)
    GIC_DisableInterface                     0x0000432b   Thumb Code    16  gic.o(.text)
    GIC_AcknowledgePending                   0x0000433b   Thumb Code    10  gic.o(.text)
    GIC_EndInterrupt                         0x00004345   Thumb Code     8  gic.o(.text)
    GIC_EnableIRQ                            0x0000434d   Thumb Code    38  gic.o(.text)
    GIC_DisableIRQ                           0x00004373   Thumb Code    40  gic.o(.text)
    GIC_SetPendingIRQ                        0x0000439b   Thumb Code    38  gic.o(.text)
    GIC_ClearPendingIRQ                      0x000043c1   Thumb Code    40  gic.o(.text)
    GIC_SetLevelModel                        0x000043e9   Thumb Code    84  gic.o(.text)
    GIC_SetPriority                          0x0000443d   Thumb Code    38  gic.o(.text)
    GIC_GetPriority                          0x00004463   Thumb Code    38  gic.o(.text)
    GIC_InterfacePriorityMask                0x00004489   Thumb Code    10  gic.o(.text)
    GIC_SetBinaryPoint                       0x00004493   Thumb Code    12  gic.o(.text)
    GIC_GetBinaryPoint                       0x0000449f   Thumb Code    10  gic.o(.text)
    GIC_GetIRQStatus                         0x000044a9   Thumb Code    78  gic.o(.text)
    GIC_SendSGI                              0x000044f7   Thumb Code    24  gic.o(.text)
    GIC_DistInit                             0x0000450f   Thumb Code    84  gic.o(.text)
    GIC_CPUInterfaceInit                     0x00004563   Thumb Code    80  gic.o(.text)
    GIC_Enable                               0x000045b3   Thumb Code    12  gic.o(.text)
    gpio1_set                                0x000045e9   Thumb Code    16  gpio1.o(.text)
    gpio1_clr                                0x000045f9   Thumb Code    16  gpio1.o(.text)
    grab_bit_times                           0x0000460d   Thumb Code    40  measure.o(.text)
    measure_thread                           0x00004635   Thumb Code  1458  measure.o(.text)
    clear_messages                           0x00004cad   Thumb Code    90  message.o(.text)
    message_thread                           0x0000519b   Thumb Code   734  message.o(.text)
    create_translation_table                 0x0000597b   Thumb Code   762  mmu_VE_A9_MP.o(.text)
    clear_position                           0x00005d35   Thumb Code     8  position.o(.text)
    ecef_to_llh                              0x00005d3d   Thumb Code   374  position.o(.text)
    calculate_position                       0x00005eb3   Thumb Code  2424  position.o(.text)
    calculate_velocity                       0x0000682b   Thumb Code  2778  position.o(.text)
    calculate_velocity_test                  0x00007305   Thumb Code  2780  position.o(.text)
    satellite_azel                           0x00007de1   Thumb Code   282  position.o(.text)
    SatPosEphemeris                          0x00007efb   Thumb Code  2362  position.o(.text)
    SatVelEphemeris                          0x00008835   Thumb Code    22  position.o(.text)
    clear_pseudoranges                       0x00008859   Thumb Code    64  pseudorange.o(.text)
    calculate_pseudorange                    0x00008899   Thumb Code   440  pseudorange.o(.text)
    SER_PutChar                              0x00008aa1   Thumb Code    20  serial.o(.text)
    SER_PutString                            0x00008ab5   Thumb Code    24  serial.o(.text)
    SER_GetChar                              0x00008acd   Thumb Code     8  serial.o(.text)
    interrupt_SER                            0x00008ad5   Thumb Code     2  serial.o(.text)
    __SVC_1                                  0x00008adc   ARM Code      32  system_VE_A9_MP.o(.text)
    InterruptHandlerRegister                 0x00008afd   Thumb Code    24  system_VE_A9_MP.o(.text)
    InterruptHandlerUnregister               0x00008b15   Thumb Code    24  system_VE_A9_MP.o(.text)
    SystemInit                               0x00008b2d   Thumb Code     8  system_VE_A9_MP.o(.text)
    main                                     0x00008b35   Thumb Code    34  system_VE_A9_MP.o(.text)
    CDAbtHandler                             0x00008b59   Thumb Code   104  system_VE_A9_MP.o(.text)
    CPAbtHandler                             0x00008bc1   Thumb Code    98  system_VE_A9_MP.o(.text)
    CUndefHandler                            0x00008c25   Thumb Code    64  system_VE_A9_MP.o(.text)
    increment_time_with_tic                  0x00008ce5   Thumb Code   104  time.o(.text)
    set_time_with_tow                        0x00008d4d   Thumb Code    62  time.o(.text)
    set_clock_correction                     0x00008d8b   Thumb Code   150  time.o(.text)
    get_time                                 0x00008e21   Thumb Code    12  time.o(.text)
    get_time_in_seconds                      0x00008e2d   Thumb Code     8  time.o(.text)
    set_time_with_weeks                      0x00008e35   Thumb Code    20  time.o(.text)
    set_to_fix_clock                         0x00008e49   Thumb Code     8  time.o(.text)
    get_clock_state                          0x00008e51   Thumb Code     6  time.o(.text)
    get_standard_time                        0x00008e57   Thumb Code   364  time.o(.text)
    ekf_init                                 0x000098e9   Thumb Code    34  tiny_ekf.o(.text)
    ekf_step                                 0x0000990b   Thumb Code   348  tiny_ekf.o(.text)
    signExtension                            0x00009a71   Thumb Code    20  tracking.o(.text)
    tracking                                 0x0000bbb9   Thumb Code   542  tracking.o(.text)
    d_log_data                               0x0000bdd7   Thumb Code   390  tracking.o(.text)
    uart_thread                              0x0000bf69   Thumb Code  1344  uart_NMEA.o(.text)
    print_buffer                             0x0000c4e9   Thumb Code    56  uart_putstring.o(.text)
    altera_avalon_uart_lwhal_putstring       0x0000c521   Thumb Code    46  uart_putstring.o(.text)
    __aeabi_uidiv                            0x0000c555   Thumb Code     0  uidiv.o(.text)
    __aeabi_uidivmod                         0x0000c555   Thumb Code    44  uidiv.o(.text)
    __aeabi_idiv                             0x0000c581   Thumb Code     0  idiv.o(.text)
    __aeabi_idivmod                          0x0000c581   Thumb Code    40  idiv.o(.text)
    __aeabi_uldivmod                         0x0000c5a9   Thumb Code    98  uldiv.o(.text)
    __aeabi_memcpy                           0x0000c60b   Thumb Code    36  memcpya.o(.text)
    __aeabi_memcpy4                          0x0000c60b   Thumb Code     0  memcpya.o(.text)
    __aeabi_memcpy8                          0x0000c60b   Thumb Code     0  memcpya.o(.text)
    __aeabi_memset                           0x0000c62f   Thumb Code    14  memseta.o(.text)
    __aeabi_memset4                          0x0000c62f   Thumb Code     0  memseta.o(.text)
    __aeabi_memset8                          0x0000c62f   Thumb Code     0  memseta.o(.text)
    __aeabi_memclr                           0x0000c63d   Thumb Code     4  memseta.o(.text)
    __aeabi_memclr4                          0x0000c63d   Thumb Code     0  memseta.o(.text)
    __aeabi_memclr8                          0x0000c63d   Thumb Code     0  memseta.o(.text)
    _memset$wrapper                          0x0000c641   Thumb Code    18  memseta.o(.text)
    __aeabi_llsl                             0x0000c653   Thumb Code    30  llshl.o(.text)
    _ll_shift_l                              0x0000c653   Thumb Code     0  llshl.o(.text)
    __aeabi_llsr                             0x0000c671   Thumb Code    32  llushr.o(.text)
    _ll_ushift_r                             0x0000c671   Thumb Code     0  llushr.o(.text)
    __I$use$fp                               0x0000c691   Thumb Code     0  iusefp.o(.text)
    __aeabi_dadd                             0x0000c691   Thumb Code   322  dadd.o(.text)
    __aeabi_dsub                             0x0000c7d3   Thumb Code     6  dadd.o(.text)
    __aeabi_drsub                            0x0000c7d9   Thumb Code     6  dadd.o(.text)
    __aeabi_dmul                             0x0000c7df   Thumb Code   228  dmul.o(.text)
    __aeabi_ddiv                             0x0000c8c3   Thumb Code   222  ddiv.o(.text)
    __ARM_scalbn                             0x0000c9a1   Thumb Code    46  dscalb.o(.text)
    scalbn                                   0x0000c9a1   Thumb Code     0  dscalb.o(.text)
    __aeabi_d2ulz                            0x0000c9cf   Thumb Code    48  dfixul.o(.text)
    __aeabi_cdrcmple                         0x0000ca01   Thumb Code    48  cdrcmple.o(.text)
    __scatterload                            0x0000ca31   Thumb Code    28  init.o(.text)
    __scatterload_rt2                        0x0000ca31   Thumb Code     0  init.o(.text)
    __aeabi_lasr                             0x0000ca55   Thumb Code    36  llsshr.o(.text)
    _ll_sshift_r                             0x0000ca55   Thumb Code     0  llsshr.o(.text)
    _double_round                            0x0000ca79   Thumb Code    30  depilogue.o(.text)
    _double_epilogue                         0x0000ca97   Thumb Code   156  depilogue.o(.text)
    __decompress                             0x0000cb33   Thumb Code     0  __dczerorl.o(.text)
    __decompress0                            0x0000cb33   Thumb Code    58  __dczerorl.o(.text)
    SVC_Count                                0x0000cb6c   Data           4  SVC_Table.o(SVC_TABLE)
    SVC_Table                                0x0000cb70   Data           0  SVC_Table.o(SVC_TABLE)
    __0sprintf                               0x0000cb75   Thumb Code    34  printfa.o(i.__0sprintf)
    __1sprintf                               0x0000cb75   Thumb Code     0  printfa.o(i.__0sprintf)
    __2sprintf                               0x0000cb75   Thumb Code     0  printfa.o(i.__0sprintf)
    __c89sprintf                             0x0000cb75   Thumb Code     0  printfa.o(i.__0sprintf)
    sprintf                                  0x0000cb75   Thumb Code     0  printfa.o(i.__0sprintf)
    __0vsnprintf                             0x0000cb9d   Thumb Code    32  printfa.o(i.__0vsnprintf)
    __1vsnprintf                             0x0000cb9d   Thumb Code     0  printfa.o(i.__0vsnprintf)
    __2vsnprintf                             0x0000cb9d   Thumb Code     0  printfa.o(i.__0vsnprintf)
    __c89vsnprintf                           0x0000cb9d   Thumb Code     0  printfa.o(i.__0vsnprintf)
    vsnprintf                                0x0000cb9d   Thumb Code     0  printfa.o(i.__0vsnprintf)
    __ARM_fpclassify                         0x0000cbc1   Thumb Code    48  fpclassify.o(i.__ARM_fpclassify)
    __hardfp_acos                            0x0000cc31   Thumb Code   420  acos.o(i.__hardfp_acos)
    __hardfp_asin                            0x0000ce49   Thumb Code   432  asin.o(i.__hardfp_asin)
    __hardfp_atan                            0x0000d051   Thumb Code   398  atan.o(i.__hardfp_atan)
    __hardfp_atan2                           0x0000d249   Thumb Code   388  atan2.o(i.__hardfp_atan2)
    __hardfp_cos                             0x0000d411   Thumb Code   158  cos.o(i.__hardfp_cos)
    __hardfp_pow                             0x0000d4c9   Thumb Code  2104  pow.o(i.__hardfp_pow)
    __hardfp_sin                             0x0000dd91   Thumb Code   158  sin.o(i.__hardfp_sin)
    __hardfp_sqrt                            0x0000de45   Thumb Code    98  sqrt.o(i.__hardfp_sqrt)
    __ieee754_rem_pio2                       0x0000dea9   Thumb Code   636  rred.o(i.__ieee754_rem_pio2)
    __kernel_cos                             0x0000e1b9   Thumb Code   176  cos_i.o(i.__kernel_cos)
    __kernel_poly                            0x0000e291   Thumb Code   122  poly.o(i.__kernel_poly)
    __kernel_sin                             0x0000e311   Thumb Code   144  sin_i.o(i.__kernel_sin)
    __mathlib_dbl_divzero                    0x0000e3b9   Thumb Code    14  dunder.o(i.__mathlib_dbl_divzero)
    __mathlib_dbl_infnan                     0x0000e3d9   Thumb Code     6  dunder.o(i.__mathlib_dbl_infnan)
    __mathlib_dbl_infnan2                    0x0000e3df   Thumb Code     6  dunder.o(i.__mathlib_dbl_infnan2)
    __mathlib_dbl_invalid                    0x0000e3e9   Thumb Code    10  dunder.o(i.__mathlib_dbl_invalid)
    __mathlib_dbl_overflow                   0x0000e401   Thumb Code    10  dunder.o(i.__mathlib_dbl_overflow)
    __mathlib_dbl_underflow                  0x0000e419   Thumb Code    10  dunder.o(i.__mathlib_dbl_underflow)
    __scatterload_copy                       0x0000e431   Thumb Code    14  handlers.o(i.__scatterload_copy)
    __scatterload_null                       0x0000e43f   Thumb Code     2  handlers.o(i.__scatterload_null)
    __scatterload_zeroinit                   0x0000e441   Thumb Code    14  handlers.o(i.__scatterload_zeroinit)
    __set_errno                              0x0000e451   Thumb Code     6  errno.o(i.__set_errno)
    _init_box                                0x0000e5c1   Thumb Code    88  rt_MemBox.o(i._init_box)
    atan                                     0x0000ed5f   Thumb Code    16  atan.o(i.atan)
    fabs                                     0x0000ed6f   Thumb Code    24  fabs.o(i.fabs)
    free                                     0x0000ed89   Thumb Code    76  malloc.o(i.free)
    isr_evt_set                              0x0000ee0d   Thumb Code    34  rt_Event.o(i.isr_evt_set)
    isr_mbx_send                             0x0000ee35   Thumb Code    22  rt_Mailbox.o(i.isr_mbx_send)
    malloc                                   0x0000ee4d   Thumb Code    92  malloc.o(i.malloc)
    osKernelInitialize                       0x0000eeb9   Thumb Code    38  rt_CMSIS.o(i.osKernelInitialize)
    osKernelStart                            0x0000eee5   Thumb Code    68  rt_CMSIS.o(i.osKernelStart)
    osSignalSet                              0x0000ef31   Thumb Code    80  rt_CMSIS.o(i.osSignalSet)
    osSignalWait                             0x0000ef85   Thumb Code    48  rt_CMSIS.o(i.osSignalWait)
    osThreadCreate                           0x0000efb9   Thumb Code    56  rt_CMSIS.o(i.osThreadCreate)
    osThreadExit                             0x0000eff9   Thumb Code    22  rt_CMSIS.o(i.osThreadExit)
    rt_alloc_box                             0x0000f019   Thumb Code    30  rt_MemBox.o(i.rt_alloc_box)
    rt_alloc_mem                             0x0000f037   Thumb Code    86  rt_Memory.o(i.rt_alloc_mem)
    rt_block                                 0x0000f08d   Thumb Code    48  rt_Task.o(i.rt_block)
    rt_chk_robin                             0x0000f0c5   Thumb Code    76  rt_Robin.o(i.rt_chk_robin)
    rt_dec_dly                               0x0000f11d   Thumb Code   130  rt_List.o(i.rt_dec_dly)
    rt_dispatch                              0x0000f1ad   Thumb Code    72  rt_Task.o(i.rt_dispatch)
    rt_evt_psh                               0x0000f1fd   Thumb Code    88  rt_Event.o(i.rt_evt_psh)
    rt_evt_set                               0x0000f259   Thumb Code   100  rt_Event.o(i.rt_evt_set)
    rt_evt_wait                              0x0000f2c1   Thumb Code   110  rt_Event.o(i.rt_evt_wait)
    rt_free_box                              0x0000f335   Thumb Code    36  rt_MemBox.o(i.rt_free_box)
    rt_free_mem                              0x0000f359   Thumb Code    54  rt_Memory.o(i.rt_free_mem)
    rt_get_first                             0x0000f3b9   Thumb Code    50  rt_List.o(i.rt_get_first)
    rt_init_mem                              0x0000f435   Thumb Code    36  rt_Memory.o(i.rt_init_mem)
    rt_init_robin                            0x0000f459   Thumb Code    14  rt_Robin.o(i.rt_init_robin)
    rt_init_stack                            0x0000f471   Thumb Code   120  HAL_CA.o(i.rt_init_stack)
    rt_mbx_check                             0x0000f4f9   Thumb Code    12  rt_Mailbox.o(i.rt_mbx_check)
    rt_mbx_init                              0x0000f505   Thumb Code    34  rt_Mailbox.o(i.rt_mbx_init)
    rt_mbx_psh                               0x0000f529   Thumb Code   282  rt_Mailbox.o(i.rt_mbx_psh)
    rt_pop_req                               0x0000f691   Thumb Code   154  rt_System.o(i.rt_pop_req)
    rt_psh_req                               0x0000f739   Thumb Code    28  rt_System.o(i.rt_psh_req)
    rt_psq_enq                               0x0000f761   Thumb Code   120  rt_List.o(i.rt_psq_enq)
    rt_put_dly                               0x0000f7dd   Thumb Code    88  rt_List.o(i.rt_put_dly)
    rt_put_prio                              0x0000f839   Thumb Code    64  rt_List.o(i.rt_put_prio)
    rt_put_rdy_first                         0x0000f879   Thumb Code    16  rt_List.o(i.rt_put_rdy_first)
    rt_resort_prio                           0x0000f88d   Thumb Code    48  rt_List.o(i.rt_resort_prio)
    rt_ret_val                               0x0000f8d9   Thumb Code    18  HAL_CA.o(i.rt_ret_val)
    rt_ret_val2                              0x0000f8eb   Thumb Code    26  HAL_CA.o(i.rt_ret_val2)
    rt_rmv_dly                               0x0000f905   Thumb Code    40  rt_List.o(i.rt_rmv_dly)
    rt_rmv_list                              0x0000f92d   Thumb Code    48  rt_List.o(i.rt_rmv_list)
    rt_sem_psh                               0x0000f961   Thumb Code    56  rt_Semaphore.o(i.rt_sem_psh)
    rt_stk_check                             0x0000f99d   Thumb Code    40  rt_System.o(i.rt_stk_check)
    rt_switch_req                            0x0000f9cd   Thumb Code    10  rt_Task.o(i.rt_switch_req)
    rt_sys_init                              0x0000f9dd   Thumb Code   180  rt_Task.o(i.rt_sys_init)
    rt_sys_start                             0x0000fad5   Thumb Code   118  rt_Task.o(i.rt_sys_start)
    rt_systick                               0x0000fb55   Thumb Code    56  rt_System.o(i.rt_systick)
    rt_tsk_create                            0x0000fbf9   Thumb Code    84  rt_Task.o(i.rt_tsk_create)
    rt_tsk_delete                            0x0000fc55   Thumb Code   362  rt_Task.o(i.rt_tsk_delete)
    rt_tsk_lock                              0x0000fdd9   Thumb Code   130  rt_System.o(i.rt_tsk_lock)
    rt_tsk_prio                              0x0000fe6d   Thumb Code   138  rt_Task.o(i.rt_tsk_prio)
    rt_tsk_self                              0x0000ff09   Thumb Code    18  rt_Task.o(i.rt_tsk_self)
    rt_tsk_unlock                            0x0000ff21   Thumb Code   100  rt_System.o(i.rt_tsk_unlock)
    sqrt                                     0x0000ff9d   Thumb Code   102  sqrt.o(i.sqrt)
    svcKernelInitialize                      0x00010005   Thumb Code   102  rt_CMSIS.o(i.svcKernelInitialize)
    svcKernelStart                           0x00010091   Thumb Code    70  rt_CMSIS.o(i.svcKernelStart)
    svcMessageCreate                         0x000100e1   Thumb Code    60  rt_CMSIS.o(i.svcMessageCreate)
    svcSignalSet                             0x0001011d   Thumb Code    52  rt_CMSIS.o(i.svcSignalSet)
    svcSignalWait                            0x00010151   Thumb Code   114  rt_CMSIS.o(i.svcSignalWait)
    svcThreadCreate                          0x000101c9   Thumb Code   136  rt_CMSIS.o(i.svcThreadCreate)
    svcThreadGetId                           0x0001025d   Thumb Code    24  rt_CMSIS.o(i.svcThreadGetId)
    svcThreadTerminate                       0x00010279   Thumb Code    64  rt_CMSIS.o(i.svcThreadTerminate)
    sysTimerTick                             0x000102c1   Thumb Code    70  rt_CMSIS.o(i.sysTimerTick)
    os_maxtaskrun                            0x00010310   Data           2  RTX_Conf_CM.o(.constdata)
    os_stackinfo                             0x00010314   Data           4  RTX_Conf_CM.o(.constdata)
    os_rrobin                                0x00010318   Data           4  RTX_Conf_CM.o(.constdata)
    os_tickfreq                              0x0001031c   Data           4  RTX_Conf_CM.o(.constdata)
    os_tickus_i                              0x00010320   Data           2  RTX_Conf_CM.o(.constdata)
    os_tickus_f                              0x00010322   Data           2  RTX_Conf_CM.o(.constdata)
    os_trv                                   0x00010324   Data           4  RTX_Conf_CM.o(.constdata)
    os_flags                                 0x00010328   Data           1  RTX_Conf_CM.o(.constdata)
    CMSIS_RTOS_API_Version                   0x0001032c   Data           4  RTX_Conf_CM.o(.constdata)
    CMSIS_RTOS_RTX_Version                   0x00010330   Data           4  RTX_Conf_CM.o(.constdata)
    os_clockrate                             0x00010334   Data           4  RTX_Conf_CM.o(.constdata)
    os_timernum                              0x00010338   Data           4  RTX_Conf_CM.o(.constdata)
    mp_tcb_size                              0x0001033c   Data           2  RTX_Conf_CM.o(.constdata)
    mp_stk_size                              0x00010340   Data           4  RTX_Conf_CM.o(.constdata)
    os_stack_sz                              0x00010344   Data           4  RTX_Conf_CM.o(.constdata)
    os_fifo_size                             0x00010348   Data           1  RTX_Conf_CM.o(.constdata)
    os_messageQ_def_osTimerMessageQ          0x0001034c   Data           8  RTX_Conf_CM.o(.constdata)
    mp_tmr_size                              0x00010354   Data           2  RTX_Conf_CM.o(.constdata)
    os_thread_def_allocate_thread            0x00010358   Data          16  RTX_ex2.o(.constdata)
    os_thread_def_display_thread             0x00010368   Data          16  RTX_ex2.o(.constdata)
    os_thread_def_message_thread             0x00010378   Data          16  RTX_ex2.o(.constdata)
    os_thread_def_measure_thread             0x00010388   Data          16  RTX_ex2.o(.constdata)
    os_thread_def_ekf_position_thread        0x00010398   Data          16  RTX_ex2.o(.constdata)
    os_thread_def_uart_thread                0x000103a8   Data          16  RTX_ex2.o(.constdata)
    GICDistributor_BASE                      0x00010400   Data           4  gic.o(.constdata)
    GICInterface_BASE                        0x00010404   Data           4  gic.o(.constdata)
    __mathlib_zero                           0x000105f8   Data           8  qnan.o(.constdata)
    Region$$Table$$Base                      0x00010ae0   Number         0  anon$$obj.o(Region$$Table)
    Region$$Table$$Limit                     0x00010b00   Number         0  anon$$obj.o(Region$$Table)
    Image$$RW_DATA$$Base                     0x00200000   Number         0  anon$$obj.o ABSOLUTE
    osThreadId_osTimerThread                 0x00200000   Data           4  RTX_Conf_CM.o(.data)
    osMessageQId_osTimerMessageQ             0x00200004   Data           4  RTX_Conf_CM.o(.data)
    os_tmr                                   0x00200008   Data           4  RTX_Conf_CM.o(.data)
    m_tmr                                    0x0020000c   Data           4  RTX_Conf_CM.o(.data)
    os_thread_def_main                       0x00200010   Data          16  RTX_Conf_CM.o(.data)
    allocate_thread_id                       0x00200020   Data           4  RTX_ex2.o(.data)
    display_thread_id                        0x00200024   Data           4  RTX_ex2.o(.data)
    message_thread_id                        0x00200028   Data           4  RTX_ex2.o(.data)
    measure_thread_id                        0x0020002c   Data           4  RTX_ex2.o(.data)
    ekf_position_thread_id                   0x00200030   Data           4  RTX_ex2.o(.data)
    uart_thread_id                           0x00200034   Data           4  RTX_ex2.o(.data)
    display_command                          0x00200084   Data           2  display.o(.data)
    channels_ready                           0x0020009c   Data           4  measure.o(.data)
    positioning                              0x002000cc   Data           2  position.o(.data)
    IRQCount                                 0x002000d4   Data           4  system_VE_A9_MP.o(.data)
    channels_with_bits                       0x002000dc   Data           4  tracking.o(.data)
    d_data_index                             0x002000e0   Data           4  tracking.o(.data)
    len                                      0x002000e4   Data           4  uart_putstring.o(.data)
    os_initialized                           0x002000e8   Data           1  rt_CMSIS.o(.data)
    os_running                               0x002000e9   Data           1  rt_CMSIS.o(.data)
    os_timer_head                            0x002000ec   Data           4  rt_CMSIS.o(.data)
    IRQNestLevel                             0x002000f4   Data           4  HAL_CA.o(.data)
    os_tick_irqn                             0x002000fc   Data           4  rt_System.o(.data)
    os_time                                  0x00200104   Data           4  rt_Time.o(.data)
    os_tsk                                   0x0020010c   Data           8  rt_Task.o(.data)
    os_robin                                 0x00200118   Data           8  rt_Robin.o(.data)
    __microlib_freelist                      0x00200120   Data           4  mvars.o(.data)
    __microlib_freelist_initialised          0x00200124   Data           4  mvars.o(.data)
    Image$$ZI_DATA$$Base                     0x00300000   Number         0  anon$$obj.o ABSOLUTE
    mp_tcb                                   0x00300000   Data         428  RTX_Conf_CM.o(.bss)
    mp_stk                                   0x003001b0   Data       65552  RTX_Conf_CM.o(.bss)
    os_stack_mem                             0x003101c0   Data         824  RTX_Conf_CM.o(.bss)
    os_fifo                                  0x003104f8   Data         132  RTX_Conf_CM.o(.bss)
    os_active_TCB                            0x0031057c   Data          32  RTX_Conf_CM.o(.bss)
    os_thread_def_osTimerThread              0x0031059c   Data          16  RTX_Conf_CM.o(.bss)
    os_messageQ_q_osTimerMessageQ            0x003105ac   Data          16  RTX_Conf_CM.o(.bss)
    ekf                                      0x00310620   Data        7160  ekf_position.o(.bss)
    ekf_pos                                  0x00312218   Data          88  ekf_position.o(.bss)
    SV_Pos                                   0x00312270   Data         192  ekf_position.o(.bss)
    SV_Rho                                   0x00312330   Data          48  ekf_position.o(.bss)
    ephemeris                                0x00312360   Data        2208  ephemeris.o(.bss)
    log_eph                                  0x00312c00   Data          12  ephemeris.o(.bss)
    meas                                     0x00312c10   Data         336  measure.o(.bss)
    meas_time                                0x00312d60   Data          16  measure.o(.bss)
    receiver_DOP                             0x00312d70   Data          40  measure.o(.bss)
    messages                                 0x00312d98   Data        3216  message.o(.bss)
    receiver_pvt                             0x00313a28   Data          80  position.o(.bss)
    receiver_pvt_velocity                    0x00313a78   Data          80  position.o(.bss)
    receiver_pvt_velocity_test               0x00313ac8   Data          80  position.o(.bss)
    receiver_llh                             0x00313b18   Data          24  position.o(.bss)
    sat_azel                                 0x00313b30   Data         192  position.o(.bss)
    sat_pos_by_ch                            0x00313bf0   Data         384  position.o(.bss)
    sat_pos_by_ch_old                        0x00313d70   Data         384  position.o(.bss)
    sat_vel_by_ch                            0x00313ef0   Data         384  position.o(.bss)
    sat_vel_by_ch_test                       0x00314070   Data         384  position.o(.bss)
    sat_position                             0x003141f0   Data         768  position.o(.bss)
    m_rho                                    0x003144f0   Data          96  position.o(.bss)
    m_rho_dot                                0x00314550   Data          96  position.o(.bss)
    m_rho_dot_test                           0x003145b0   Data          96  position.o(.bss)
    debug_sat_dot                            0x00314610   Data        2400  position.o(.bss)
    pr                                       0x00314f70   Data         768  pseudorange.o(.bss)
    pr_time                                  0x00315270   Data          16  pseudorange.o(.bss)
    pr2                                      0x00315280   Data         768  pseudorange.o(.bss)
    pr2_time                                 0x00315580   Data          16  pseudorange.o(.bss)
    IRQTable                                 0x00315590   Data         324  system_VE_A9_MP.o(.bss)
    CH                                       0x003156e8   Data        2688  tracking.o(.bss)
    d_pull_in_monitor                        0x00316168   Data         128  tracking.o(.bss)
    d_data                                   0x003161e8   Data       8000000  tracking.o(.bss)
    gga_buf                                  0x00ab73e8   Data         504  uart_NMEA.o(.bss)
    gsa_buf                                  0x00ab75e0   Data         504  uart_NMEA.o(.bss)
    rmc_buf                                  0x00ab77d8   Data         504  uart_NMEA.o(.bss)
    vtg_buf                                  0x00ab79d0   Data         504  uart_NMEA.o(.bss)
    os_rdy                                   0x00ab7bc8   Data          24  rt_List.o(.bss)
    os_dly                                   0x00ab7be0   Data          24  rt_List.o(.bss)
    os_idle_TCB                              0x00ab7bf8   Data          52  rt_Task.o(.bss)
    __heap_base                              0x00ab7c30   Data           0  startup_VE_A9_MP.o(HEAP)
    __heap_limit                             0x00ab7c30   Data           0  startup_VE_A9_MP.o(HEAP)
    __initial_sp                             0x00ab7d30   Data        1024  startup_VE_A9_MP.o(STACK)
    Image$$TTB$$ZI$$Base                     0x00ab8130   Number         0  anon$$obj.o ABSOLUTE



==============================================================================

Memory Map of the image

  Image Entry point : 0x00000000

  Load Region SDRAM (Base: 0x00000000, Size: 0x00010c2c, Max: 0x40000000, ABSOLUTE, COMPRESSED[0x00010b6c])

    Execution Region VECTORS (Base: 0x00000000, Size: 0x00010b00, Max: 0x00200000, ABSOLUTE)

    Base Addr    Size         Type   Attr      Idx    E Section Name        Object

    0x00000000   0x0000003c   Code   RO            4  * RESET               startup_VE_A9_MP.o
    0x0000003c   0x00000000   Code   RO         2200  * .ARM.Collect$$$$00000000  mc_2.l(entry.o)
    0x0000003c   0x00000004   Code   RO         2543    .ARM.Collect$$$$00000001  mc_2.l(entry2.o)
    0x00000040   0x00000004   Code   RO         2546    .ARM.Collect$$$$00000004  mc_2.l(entry5.o)
    0x00000044   0x00000000   Code   RO         2548    .ARM.Collect$$$$00000008  mc_2.l(entry7b.o)
    0x00000044   0x00000000   Code   RO         2550    .ARM.Collect$$$$0000000A  mc_2.l(entry8b.o)
    0x00000044   0x00000000   Code   RO         2551    .ARM.Collect$$$$0000000D  mc_2.l(entry10a.o)
    0x00000044   0x00000000   Code   RO         2553    .ARM.Collect$$$$0000000F  mc_2.l(entry11a.o)
    0x00000044   0x0000001c   Code   RO           53    .ARM.Collect$$$$000000FF  RTX_Conf_CM.o
    0x00000060   0x00000004   Code   RO         2544    .ARM.Collect$$$$00002712  mc_2.l(entry2.o)
    0x00000064   0x00000148   Code   RO          604    .emb_text           system_VE_A9_MP.o
    0x000001ac   0x000000d0   Code   RO          729    .emb_text           RTX_CA9_L.lib(rt_CMSIS.o)
    0x0000027c   0x00000468   Code   RO         1417    .emb_text           RTX_CA9_L.lib(HAL_CA9.o)
    0x000006e4   0x00000234   Code   RO            5    .text               startup_VE_A9_MP.o
    0x00000918   0x00000c20   Code   RO           13    .text               DOP.o
    0x00001538   0x00000058   Code   RO           54    .text               RTX_Conf_CM.o
    0x00001590   0x00000150   Code   RO           88    .text               RTX_ex2.o
    0x000016e0   0x0000040c   Code   RO          189    .text               allocate.o
    0x00001aec   0x0000001c   Code   RO          276    .text               altera_avalon_uart_lwhal_putchar.o
    0x00001b08   0x000015f4   Code   RO          338    .text               display.o
    0x000030fc   0x00000a84   Code   RO          371    .text               ekf_position.o
    0x00003b80   0x000006f8   Code   RO          394    .text               ephemeris.o
    0x00004278   0x00000370   Code   RO          415    .text               gic.o
    0x000045e8   0x00000024   Code   RO          439    .text               gpio1.o
    0x0000460c   0x00000624   Code   RO          454    .text               measure.o
    0x00004c30   0x00000848   Code   RO          477    .text               message.o
    0x00005478   0x000008bc   Code   RO          498    .text               mmu_VE_A9_MP.o
    0x00005d34   0x00002b24   Code   RO          552    .text               position.o
    0x00008858   0x00000248   Code   RO          572    .text               pseudorange.o
    0x00008aa0   0x0000003c   Code   RO          590    .text               serial.o
    0x00008adc   0x00000020   Code   RO          605    .text               system_VE_A9_MP.o
    0x00008afc   0x000001e8   Code   RO          606    .text               system_VE_A9_MP.o
    0x00008ce4   0x00000350   Code   RO          639    .text               time.o
    0x00009034   0x00000a3c   Code   RO          654    .text               tiny_ekf.o
    0x00009a70   0x000024f8   Code   RO          666    .text               tracking.o
    0x0000bf68   0x00000580   Code   RO          685    .text               uart_NMEA.o
    0x0000c4e8   0x0000006c   Code   RO          704    .text               uart_putstring.o
    0x0000c554   0x0000002c   Code   RO         2203    .text               mc_2.l(uidiv.o)
    0x0000c580   0x00000028   Code   RO         2205    .text               mc_2.l(idiv.o)
    0x0000c5a8   0x00000062   Code   RO         2207    .text               mc_2.l(uldiv.o)
    0x0000c60a   0x00000024   Code   RO         2209    .text               mc_2.l(memcpya.o)
    0x0000c62e   0x00000024   Code   RO         2211    .text               mc_2.l(memseta.o)
    0x0000c652   0x0000001e   Code   RO         2558    .text               mc_2.l(llshl.o)
    0x0000c670   0x00000020   Code   RO         2560    .text               mc_2.l(llushr.o)
    0x0000c690   0x00000000   Code   RO         2571    .text               mc_2.l(iusefp.o)
    0x0000c690   0x0000014e   Code   RO         2572    .text               mf_2.l(dadd.o)
    0x0000c7de   0x000000e4   Code   RO         2574    .text               mf_2.l(dmul.o)
    0x0000c8c2   0x000000de   Code   RO         2576    .text               mf_2.l(ddiv.o)
    0x0000c9a0   0x0000002e   Code   RO         2578    .text               mf_2.l(dscalb.o)
    0x0000c9ce   0x00000030   Code   RO         2580    .text               mf_2.l(dfixul.o)
    0x0000c9fe   0x00000002   PAD
    0x0000ca00   0x00000030   Code   RO         2582    .text               mf_2.l(cdrcmple.o)
    0x0000ca30   0x00000024   Code   RO         2584    .text               mc_2.l(init.o)
    0x0000ca54   0x00000024   Code   RO         2587    .text               mc_2.l(llsshr.o)
    0x0000ca78   0x000000ba   Code   RO         2590    .text               mf_2.l(depilogue.o)
    0x0000cb32   0x0000003a   Code   RO         2600    .text               mc_2.l(__dczerorl.o)
    0x0000cb6c   0x00000008   Code   RO         2060    SVC_TABLE           RTX_CA9_L.lib(SVC_Table.o)
    0x0000cb74   0x00000028   Code   RO         2450    i.__0sprintf        mc_2.l(printfa.o)
    0x0000cb9c   0x00000024   Code   RO         2453    i.__0vsnprintf      mc_2.l(printfa.o)
    0x0000cbc0   0x00000030   Code   RO         2527    i.__ARM_fpclassify  m_2v.l(fpclassify.o)
    0x0000cbf0   0x00000030   Code   RO          730    i.__exceptional_mode  RTX_CA9_L.lib(rt_CMSIS.o)
    0x0000cc20   0x0000000c   Code   RO          731    i.__get_mode        RTX_CA9_L.lib(rt_CMSIS.o)
    0x0000cc2c   0x00000004   PAD
    0x0000cc30   0x00000218   Code   RO         2096    i.__hardfp_acos     m_2v.l(acos.o)
    0x0000ce48   0x00000208   Code   RO         2110    i.__hardfp_asin     m_2v.l(asin.o)
    0x0000d050   0x000001f8   Code   RO         2124    i.__hardfp_atan     m_2v.l(atan.o)
    0x0000d248   0x000001c8   Code   RO         2138    i.__hardfp_atan2    m_2v.l(atan2.o)
    0x0000d410   0x000000b4   Code   RO         2150    i.__hardfp_cos      m_2v.l(cos.o)
    0x0000d4c4   0x00000004   PAD
    0x0000d4c8   0x000008c8   Code   RO         2162    i.__hardfp_pow      m_2v.l(pow.o)
    0x0000dd90   0x000000b4   Code   RO         2176    i.__hardfp_sin      m_2v.l(sin.o)
    0x0000de44   0x00000062   Code   RO         2188    i.__hardfp_sqrt     m_2v.l(sqrt.o)
    0x0000dea6   0x00000002   PAD
    0x0000dea8   0x00000310   Code   RO         2532    i.__ieee754_rem_pio2  m_2v.l(rred.o)
    0x0000e1b8   0x000000d8   Code   RO         2504    i.__kernel_cos      m_2v.l(cos_i.o)
    0x0000e290   0x0000007a   Code   RO         2529    i.__kernel_poly     m_2v.l(poly.o)
    0x0000e30a   0x00000006   PAD
    0x0000e310   0x000000a8   Code   RO         2537    i.__kernel_sin      m_2v.l(sin_i.o)
    0x0000e3b8   0x00000020   Code   RO         2507    i.__mathlib_dbl_divzero  m_2v.l(dunder.o)
    0x0000e3d8   0x00000006   Code   RO         2508    i.__mathlib_dbl_infnan  m_2v.l(dunder.o)
    0x0000e3de   0x00000006   Code   RO         2509    i.__mathlib_dbl_infnan2  m_2v.l(dunder.o)
    0x0000e3e4   0x00000004   PAD
    0x0000e3e8   0x00000018   Code   RO         2510    i.__mathlib_dbl_invalid  m_2v.l(dunder.o)
    0x0000e400   0x00000018   Code   RO         2511    i.__mathlib_dbl_overflow  m_2v.l(dunder.o)
    0x0000e418   0x00000018   Code   RO         2513    i.__mathlib_dbl_underflow  m_2v.l(dunder.o)
    0x0000e430   0x0000000e   Code   RO         2594    i.__scatterload_copy  mc_2.l(handlers.o)
    0x0000e43e   0x00000002   Code   RO         2595    i.__scatterload_null  mc_2.l(handlers.o)
    0x0000e440   0x0000000e   Code   RO         2596    i.__scatterload_zeroinit  mc_2.l(handlers.o)
    0x0000e44e   0x00000002   PAD
    0x0000e450   0x0000000c   Code   RO         2566    i.__set_errno       mc_2.l(errno.o)
    0x0000e45c   0x00000164   Code   RO         2455    i._fp_digits        mc_2.l(printfa.o)
    0x0000e5c0   0x00000058   Code   RO         1631    i._init_box         RTX_CA9_L.lib(rt_MemBox.o)
    0x0000e618   0x000006d4   Code   RO         2456    i._printf_core      mc_2.l(printfa.o)
    0x0000ecec   0x00000024   Code   RO         2457    i._printf_post_padding  mc_2.l(printfa.o)
    0x0000ed10   0x0000002e   Code   RO         2458    i._printf_pre_padding  mc_2.l(printfa.o)
    0x0000ed3e   0x00000016   Code   RO         2459    i._snputc           mc_2.l(printfa.o)
    0x0000ed54   0x0000000a   Code   RO         2460    i._sputc            mc_2.l(printfa.o)
    0x0000ed5e   0x00000010   Code   RO         2126    i.atan              m_2v.l(atan.o)
    0x0000ed6e   0x00000018   Code   RO         2523    i.fabs              m_2v.l(fabs.o)
    0x0000ed86   0x00000002   PAD
    0x0000ed88   0x00000050   Code   RO         2476    i.free              mc_2.l(malloc.o)
    0x0000edd8   0x00000032   Code   RO          732    i.isrMessagePut     RTX_CA9_L.lib(rt_CMSIS.o)
    0x0000ee0a   0x00000002   PAD
    0x0000ee0c   0x00000028   Code   RO         2007    i.isr_evt_set       RTX_CA9_L.lib(rt_Event.o)
    0x0000ee34   0x00000016   Code   RO         1569    i.isr_mbx_send      RTX_CA9_L.lib(rt_Mailbox.o)
    0x0000ee4a   0x00000002   PAD
    0x0000ee4c   0x0000006c   Code   RO         2477    i.malloc            mc_2.l(malloc.o)
    0x0000eeb8   0x0000002c   Code   RO          734    i.osKernelInitialize  RTX_CA9_L.lib(rt_CMSIS.o)
    0x0000eee4   0x0000004c   Code   RO          736    i.osKernelStart     RTX_CA9_L.lib(rt_CMSIS.o)
    0x0000ef30   0x00000054   Code   RO          760    i.osSignalSet       RTX_CA9_L.lib(rt_CMSIS.o)
    0x0000ef84   0x00000034   Code   RO          761    i.osSignalWait      RTX_CA9_L.lib(rt_CMSIS.o)
    0x0000efb8   0x00000040   Code   RO          762    i.osThreadCreate    RTX_CA9_L.lib(rt_CMSIS.o)
    0x0000eff8   0x00000020   Code   RO          763    i.osThreadExit      RTX_CA9_L.lib(rt_CMSIS.o)
    0x0000f018   0x0000001e   Code   RO         1632    i.rt_alloc_box      RTX_CA9_L.lib(rt_MemBox.o)
    0x0000f036   0x00000056   Code   RO         1671    i.rt_alloc_mem      RTX_CA9_L.lib(rt_Memory.o)
    0x0000f08c   0x00000038   Code   RO         1908    i.rt_block          RTX_CA9_L.lib(rt_Task.o)
    0x0000f0c4   0x00000058   Code   RO         2066    i.rt_chk_robin      RTX_CA9_L.lib(rt_Robin.o)
    0x0000f11c   0x00000090   Code   RO         1742    i.rt_dec_dly        RTX_CA9_L.lib(rt_List.o)
    0x0000f1ac   0x00000050   Code   RO         1909    i.rt_dispatch       RTX_CA9_L.lib(rt_Task.o)
    0x0000f1fc   0x0000005c   Code   RO         2010    i.rt_evt_psh        RTX_CA9_L.lib(rt_Event.o)
    0x0000f258   0x00000068   Code   RO         2011    i.rt_evt_set        RTX_CA9_L.lib(rt_Event.o)
    0x0000f2c0   0x00000074   Code   RO         2012    i.rt_evt_wait       RTX_CA9_L.lib(rt_Event.o)
    0x0000f334   0x00000024   Code   RO         1633    i.rt_free_box       RTX_CA9_L.lib(rt_MemBox.o)
    0x0000f358   0x00000036   Code   RO         1672    i.rt_free_mem       RTX_CA9_L.lib(rt_Memory.o)
    0x0000f38e   0x00000002   PAD
    0x0000f390   0x00000028   Code   RO         1910    i.rt_get_TID        RTX_CA9_L.lib(rt_Task.o)
    0x0000f3b8   0x00000032   Code   RO         1743    i.rt_get_first      RTX_CA9_L.lib(rt_List.o)
    0x0000f3ea   0x00000002   PAD
    0x0000f3ec   0x00000048   Code   RO         1911    i.rt_init_context   RTX_CA9_L.lib(rt_Task.o)
    0x0000f434   0x00000024   Code   RO         1673    i.rt_init_mem       RTX_CA9_L.lib(rt_Memory.o)
    0x0000f458   0x00000018   Code   RO         2067    i.rt_init_robin     RTX_CA9_L.lib(rt_Robin.o)
    0x0000f470   0x00000088   Code   RO         1364    i.rt_init_stack     RTX_CA9_L.lib(HAL_CA.o)
    0x0000f4f8   0x0000000c   Code   RO         1570    i.rt_mbx_check      RTX_CA9_L.lib(rt_Mailbox.o)
    0x0000f504   0x00000022   Code   RO         1571    i.rt_mbx_init       RTX_CA9_L.lib(rt_Mailbox.o)
    0x0000f526   0x00000002   PAD
    0x0000f528   0x00000120   Code   RO         1572    i.rt_mbx_psh        RTX_CA9_L.lib(rt_Mailbox.o)
    0x0000f648   0x00000048   Code   RO          780    i.rt_ms2tick        RTX_CA9_L.lib(rt_CMSIS.o)
    0x0000f690   0x000000a8   Code   RO         1468    i.rt_pop_req        RTX_CA9_L.lib(rt_System.o)
    0x0000f738   0x00000028   Code   RO         1469    i.rt_psh_req        RTX_CA9_L.lib(rt_System.o)
    0x0000f760   0x0000007c   Code   RO         1745    i.rt_psq_enq        RTX_CA9_L.lib(rt_List.o)
    0x0000f7dc   0x0000005c   Code   RO         1746    i.rt_put_dly        RTX_CA9_L.lib(rt_List.o)
    0x0000f838   0x00000040   Code   RO         1747    i.rt_put_prio       RTX_CA9_L.lib(rt_List.o)
    0x0000f878   0x00000014   Code   RO         1748    i.rt_put_rdy_first  RTX_CA9_L.lib(rt_List.o)
    0x0000f88c   0x00000034   Code   RO         1749    i.rt_resort_prio    RTX_CA9_L.lib(rt_List.o)
    0x0000f8c0   0x00000018   Code   RO         1365    i.rt_ret_regs       RTX_CA9_L.lib(HAL_CA.o)
    0x0000f8d8   0x00000012   Code   RO         1366    i.rt_ret_val        RTX_CA9_L.lib(HAL_CA.o)
    0x0000f8ea   0x0000001a   Code   RO         1367    i.rt_ret_val2       RTX_CA9_L.lib(HAL_CA.o)
    0x0000f904   0x00000028   Code   RO         1750    i.rt_rmv_dly        RTX_CA9_L.lib(rt_List.o)
    0x0000f92c   0x00000034   Code   RO         1751    i.rt_rmv_list       RTX_CA9_L.lib(rt_List.o)
    0x0000f960   0x0000003c   Code   RO         1831    i.rt_sem_psh        RTX_CA9_L.lib(rt_Semaphore.o)
    0x0000f99c   0x00000030   Code   RO         1471    i.rt_stk_check      RTX_CA9_L.lib(rt_System.o)
    0x0000f9cc   0x00000010   Code   RO         1912    i.rt_switch_req     RTX_CA9_L.lib(rt_Task.o)
    0x0000f9dc   0x000000f8   Code   RO         1913    i.rt_sys_init       RTX_CA9_L.lib(rt_Task.o)
    0x0000fad4   0x00000080   Code   RO         1914    i.rt_sys_start      RTX_CA9_L.lib(rt_Task.o)
    0x0000fb54   0x00000044   Code   RO         1473    i.rt_systick        RTX_CA9_L.lib(rt_System.o)
    0x0000fb98   0x00000020   Code   RO          781    i.rt_tid2ptcb       RTX_CA9_L.lib(rt_CMSIS.o)
    0x0000fbb8   0x00000040   Code   RO          782    i.rt_timer_insert   RTX_CA9_L.lib(rt_CMSIS.o)
    0x0000fbf8   0x0000005c   Code   RO         1915    i.rt_tsk_create     RTX_CA9_L.lib(rt_Task.o)
    0x0000fc54   0x00000184   Code   RO         1916    i.rt_tsk_delete     RTX_CA9_L.lib(rt_Task.o)
    0x0000fdd8   0x00000094   Code   RO         1474    i.rt_tsk_lock       RTX_CA9_L.lib(rt_System.o)
    0x0000fe6c   0x0000009c   Code   RO         1918    i.rt_tsk_prio       RTX_CA9_L.lib(rt_Task.o)
    0x0000ff08   0x00000018   Code   RO         1919    i.rt_tsk_self       RTX_CA9_L.lib(rt_Task.o)
    0x0000ff20   0x0000007c   Code   RO         1475    i.rt_tsk_unlock     RTX_CA9_L.lib(rt_System.o)
    0x0000ff9c   0x00000066   Code   RO         2190    i.sqrt              m_2v.l(sqrt.o)
    0x00010002   0x00000002   PAD
    0x00010004   0x0000008c   Code   RO          785    i.svcKernelInitialize  RTX_CA9_L.lib(rt_CMSIS.o)
    0x00010090   0x00000050   Code   RO          787    i.svcKernelStart    RTX_CA9_L.lib(rt_CMSIS.o)
    0x000100e0   0x0000003c   Code   RO          790    i.svcMessageCreate  RTX_CA9_L.lib(rt_CMSIS.o)
    0x0001011c   0x00000034   Code   RO          803    i.svcSignalSet      RTX_CA9_L.lib(rt_CMSIS.o)
    0x00010150   0x00000078   Code   RO          804    i.svcSignalWait     RTX_CA9_L.lib(rt_CMSIS.o)
    0x000101c8   0x00000094   Code   RO          805    i.svcThreadCreate   RTX_CA9_L.lib(rt_CMSIS.o)
    0x0001025c   0x0000001c   Code   RO          806    i.svcThreadGetId    RTX_CA9_L.lib(rt_CMSIS.o)
    0x00010278   0x00000044   Code   RO          809    i.svcThreadTerminate  RTX_CA9_L.lib(rt_CMSIS.o)
    0x000102bc   0x00000002   Code   RO          820    i.sysThreadError    RTX_CA9_L.lib(rt_CMSIS.o)
    0x000102be   0x00000002   PAD
    0x000102c0   0x00000050   Code   RO          821    i.sysTimerTick      RTX_CA9_L.lib(rt_CMSIS.o)
    0x00010310   0x00000046   Data   RO           56    .constdata          RTX_Conf_CM.o
    0x00010356   0x00000002   PAD
    0x00010358   0x00000060   Data   RO           89    .constdata          RTX_ex2.o
    0x000103b8   0x00000048   Data   RO          373    .constdata          ekf_position.o
    0x00010400   0x00000008   Data   RO          416    .constdata          gic.o
    0x00010408   0x00000050   Data   RO         2099    .constdata          m_2v.l(acos.o)
    0x00010458   0x00000050   Data   RO         2113    .constdata          m_2v.l(asin.o)
    0x000104a8   0x00000098   Data   RO         2127    .constdata          m_2v.l(atan.o)
    0x00010540   0x00000088   Data   RO         2165    .constdata          m_2v.l(pow.o)
    0x000105c8   0x00000030   Data   RO         2505    .constdata          m_2v.l(cos_i.o)
    0x000105f8   0x00000008   Data   RO         2531    .constdata          m_2v.l(qnan.o)
    0x00010600   0x000000c8   Data   RO         2534    .constdata          m_2v.l(rred.o)
    0x000106c8   0x00000028   Data   RO         2538    .constdata          m_2v.l(sin_i.o)
    0x000106f0   0x00000358   Data   RO          339    .conststring        display.o
    0x00010a48   0x00000098   Data   RO          687    .conststring        uart_NMEA.o
    0x00010ae0   0x00000020   Data   RO         2592    Region$$Table       anon$$obj.o


    Execution Region RW_DATA (Base: 0x00200000, Size: 0x0000012c, Max: 0x00100000, ABSOLUTE, COMPRESSED[0x0000006c])

    Base Addr    Size         Type   Attr      Idx    E Section Name        Object

    0x00200000   0x00000020   Data   RW           57    .data               RTX_Conf_CM.o
    0x00200020   0x00000018   Data   RW           90    .data               RTX_ex2.o
    0x00200038   0x0000004c   Data   RW          191    .data               allocate.o
    0x00200084   0x00000011   Data   RW          340    .data               display.o
    0x00200095   0x00000003   PAD
    0x00200098   0x00000004   Data   RW          374    .data               ekf_position.o
    0x0020009c   0x00000006   Data   RW          456    .data               measure.o
    0x002000a2   0x00000002   PAD
    0x002000a4   0x00000028   Data   RW          499    .data               mmu_VE_A9_MP.o
    0x002000cc   0x00000008   Data   RW          554    .data               position.o
    0x002000d4   0x00000004   Data   RW          608    .data               system_VE_A9_MP.o
    0x002000d8   0x00000001   Data   RW          641    .data               time.o
    0x002000d9   0x00000003   PAD
    0x002000dc   0x00000008   Data   RW          668    .data               tracking.o
    0x002000e4   0x00000004   Data   RW          706    .data               uart_putstring.o
    0x002000e8   0x00000008   Data   RW          824    .data               RTX_CA9_L.lib(rt_CMSIS.o)
    0x002000f0   0x00000008   Data   RW         1368    .data               RTX_CA9_L.lib(HAL_CA.o)
    0x002000f8   0x0000000a   Data   RW         1476    .data               RTX_CA9_L.lib(rt_System.o)
    0x00200102   0x00000002   PAD
    0x00200104   0x00000004   Data   RW         1876    .data               RTX_CA9_L.lib(rt_Time.o)
    0x00200108   0x0000000c   Data   RW         1921    .data               RTX_CA9_L.lib(rt_Task.o)
    0x00200114   0x0000000c   Data   RW         2068    .data               RTX_CA9_L.lib(rt_Robin.o)
    0x00200120   0x00000004   Data   RW         2562    .data               mc_2.l(mvars.o)
    0x00200124   0x00000004   Data   RW         2563    .data               mc_2.l(mvars.o)
    0x00200128   0x00000004   Data   RW         2567    .data               mc_2.l(errno.o)


    Execution Region ZI_DATA (Base: 0x00300000, Size: 0x007b8130, Max: 0xffffffff, ABSOLUTE)

    Base Addr    Size         Type   Attr      Idx    E Section Name        Object

    0x00300000   0x000105bc   Zero   RW           55    .bss                RTX_Conf_CM.o
    0x003105bc   0x00000004   PAD
    0x003105c0   0x00000060   Zero   RW          190    .bss                allocate.o
    0x00310620   0x00001d40   Zero   RW          372    .bss                ekf_position.o
    0x00312360   0x000008ac   Zero   RW          395    .bss                ephemeris.o
    0x00312c0c   0x00000004   PAD
    0x00312c10   0x00000188   Zero   RW          455    .bss                measure.o
    0x00312d98   0x00000c90   Zero   RW          478    .bss                message.o
    0x00313a28   0x00001548   Zero   RW          553    .bss                position.o
    0x00314f70   0x00000620   Zero   RW          573    .bss                pseudorange.o
    0x00315590   0x00000144   Zero   RW          607    .bss                system_VE_A9_MP.o
    0x003156d4   0x00000004   PAD
    0x003156d8   0x00000010   Zero   RW          640    .bss                time.o
    0x003156e8   0x007a1d00   Zero   RW          667    .bss                tracking.o
    0x00ab73e8   0x000007e0   Zero   RW          686    .bss                uart_NMEA.o
    0x00ab7bc8   0x00000030   Zero   RW         1752    .bss                RTX_CA9_L.lib(rt_List.o)
    0x00ab7bf8   0x00000034   Zero   RW         1920    .bss                RTX_CA9_L.lib(rt_Task.o)
    0x00ab7c2c   0x00000004   PAD
    0x00ab7c30   0x00000000   Zero   RW            3    HEAP                startup_VE_A9_MP.o
    0x00ab7c30   0x00000500   Zero   RW            2    STACK               startup_VE_A9_MP.o


    Execution Region TTB (Base: 0x00ab8130, Size: 0x00004000, Max: 0x00004000, ABSOLUTE)

    Base Addr    Size         Type   Attr      Idx    E Section Name        Object

    0x00ab8130   0x00004000   Zero   RW            1    TTB.bss             anon$$obj.o


==============================================================================

Image component sizes


      Code (inc. data)   RO Data    RW Data    ZI Data      Debug   Object Name

      3104         30          0          0          0       9225   DOP.o
       116         14         70         32      67004       8242   RTX_Conf_CM.o
       336         96         96         24          0      14490   RTX_ex2.o
      1036         36          0         76         96       2521   allocate.o
        28          0          0          0          0        735   altera_avalon_uart_lwhal_putchar.o
      5620       1244        856         17          0       4629   display.o
      2692         86         72          4       7488       5166   ekf_position.o
      1784        106          0          0       2220       4496   ephemeris.o
       880         42          8          0          0       6029   gic.o
        36          4          0          0          0        626   gpio1.o
      1572        144          0          6        392       2981   measure.o
      2120         58          0          0       3216       4039   message.o
      2236         62          0         40          0      12091   mmu_VE_A9_MP.o
     11044        372          0          8       5448      13287   position.o
       584         80          0          0       1568       2297   pseudorange.o
        60          6          0          0          0       1110   serial.o
       624         56          0          0       1280       1152   startup_VE_A9_MP.o
       848         88          0          4        324       8170   system_VE_A9_MP.o
       848        114          0          1         16       3453   time.o
      2620         10          0          0          0       8708   tiny_ekf.o
      9464        152          0          8    8002816       8738   tracking.o
      1408        194        152          0       2016       2248   uart_NMEA.o
       108          6          0          4          0       2808   uart_putstring.o

    ----------------------------------------------------------------------
     49168       3000       1288        232    8110280     127241   Object Totals
         0          0         32          0      16384          0   (incl. Generated)
         0          0          2          8         12          0   (incl. Padding)

    ----------------------------------------------------------------------

      Code (inc. data)   RO Data    RW Data    ZI Data      Debug   Library Member Name

       204         16          0          8          0       3246   HAL_CA.o
      1128         28          0          0          0       1220   HAL_CA9.o
         8          8          0          0          0        248   SVC_Table.o
      1616        140          0          8          0      33112   rt_CMSIS.o
       352         20          0          0          0       2890   rt_Event.o
       638         34          0          0         48       8631   rt_List.o
       356          6          0          0          0       2657   rt_Mailbox.o
       154          0          0          0          0       2185   rt_MemBox.o
       176          0          0          0          0       2751   rt_Memory.o
       112         22          0         12          0       1334   rt_Robin.o
        60          4          0          0          0        629   rt_Semaphore.o
       596         88          0         10          0       4263   rt_System.o
      1300        170          0         12         52      10099   rt_Task.o
         0          0          0          4          0        250   rt_Time.o
       536        116         80          0          0        256   acos.o
       520         88         80          0          0        252   asin.o
       520        106        152          0          0        348   atan.o
       456         68          0          0          0        184   atan2.o
       180         22          0          0          0        156   cos.o
       216         40         48          0          0        164   cos_i.o
       116         60          0          0          0        696   dunder.o
        24          0          0          0          0        124   fabs.o
        48          0          0          0          0        124   fpclassify.o
       122          0          0          0          0        116   poly.o
      2248        296        136          0          0        304   pow.o
         0          0          8          0          0          0   qnan.o
       784        148        200          0          0        172   rred.o
       180         22          0          0          0        160   sin.o
       168         24         40          0          0        196   sin_i.o
       200          0          0          0          0        280   sqrt.o
        58          0          0          0          0          0   __dczerorl.o
         0          0          0          0          0          0   entry.o
         0          0          0          0          0          0   entry10a.o
         0          0          0          0          0          0   entry11a.o
         8          4          0          0          0          0   entry2.o
         4          0          0          0          0          0   entry5.o
         0          0          0          0          0          0   entry7b.o
         0          0          0          0          0          0   entry8b.o
        12          6          0          4          0         68   errno.o
        30          0          0          0          0          0   handlers.o
        40          0          0          0          0         80   idiv.o
        36          8          0          0          0         68   init.o
         0          0          0          0          0          0   iusefp.o
        30          0          0          0          0         68   llshl.o
        36          0          0          0          0         68   llsshr.o
        32          0          0          0          0         68   llushr.o
       188         20          0          0          0        160   malloc.o
        36          0          0          0          0         68   memcpya.o
        36          0          0          0          0        108   memseta.o
         0          0          0          8          0          0   mvars.o
      2294         90          0          0          0        660   printfa.o
        44          0          0          0          0         80   uidiv.o
        98          0          0          0          0         92   uldiv.o
        48          0          0          0          0         68   cdrcmple.o
       334          0          0          0          0        148   dadd.o
       222          0          0          0          0        100   ddiv.o
       186          0          0          0          0        176   depilogue.o
        48          0          0          0          0         68   dfixul.o
       228          0          0          0          0         96   dmul.o
        46          0          0          0          0         80   dscalb.o

    ----------------------------------------------------------------------
     17152       1658        744         68        104      79371   Library Totals
        40          4          0          2          4          0   (incl. Padding)

    ----------------------------------------------------------------------

      Code (inc. data)   RO Data    RW Data    ZI Data      Debug   Library Name

      6700        536          0         54        100      73515   RTX_CA9_L.lib
      6318        990        744          0          0       3532   m_2v.l
      2982        128          0         12          0       1588   mc_2.l
      1112          0          0          0          0        736   mf_2.l

    ----------------------------------------------------------------------
     17152       1658        744         68        104      79371   Library Totals

    ----------------------------------------------------------------------

==============================================================================


      Code (inc. data)   RO Data    RW Data    ZI Data      Debug   

     66320       4658       2032        300    8110384     192504   Grand Totals
     66320       4658       2032        108    8110384     192504   ELF Image Totals (compressed)
     66320       4658       2032        108          0          0   ROM Totals

==============================================================================

    Total RO  Size (Code + RO Data)                68352 (  66.75kB)
    Total RW  Size (RW Data + ZI Data)           8110684 (7920.59kB)
    Total ROM Size (Code + RO Data + RW Data)      68460 (  66.86kB)

==============================================================================

